
> import-service-frontend@0.1.0 test
> react-scripts test --watchAll=false

node.exe : FAIL src/components/ProtectedRoute.test.tsx
At line:1 char:1
+ & "C:\Program Files\nodejs/node.exe" "C:\Program Files\nodejs/node_mo ...
+ ~~~~~~~~~~~~~~~~~~~~~~~~~~~~~~~~~~~~~~~~~~~~~~~~~~~~~~~~~~~~~~~~~~~~~
    + CategoryInfo          : NotSpecified: (FAIL src/compon...dRoute.test.tsx:String) [], RemoteException
    + FullyQualifiedErrorId : NativeCommandError
 
  ÔùÅ Console

    console.error
      Warning: `ReactDOMTestUtils.act` is deprecated in favor of `React.act`. Import `act` from `react` instead of 
`react-dom/test-utils`. See https://react.dev/warnings/react-dom-test-utils for more info.

    [0m [90m 22 |[39m     (authUtils[33m.[39misAuthenticated [36mas[39m 
jest[33m.[39m[33mMock[39m)[33m.[39mmockReturnValue(isAuthenticated)[33m;[39m
     [90m 23 |[39m
    [31m[1m>[22m[39m[90m 24 |[39m     [36mreturn[39m render(
     [90m    |[39m                  [31m[1m^[22m[39m
     [90m 25 |[39m       [33m<[39m[33mBrowserRouter[39m[33m>[39m
     [90m 26 |[39m         [33m<[39m[33mRoutes[39m[33m>[39m
     [90m 27 |[39m           [33m<[39m[33mRoute[39m path[33m=[39m[32m"/login"[39m 
element[33m=[39m{[33m<[39m[33mTestLoginComponent[39m [35m/>} /[39m[33m>[39m[0m

      at printWarning (node_modules/react-dom/cjs/react-dom-test-utils.development.js:71:30)
      at error (node_modules/react-dom/cjs/react-dom-test-utils.development.js:45:7)
      at actWithWarning (node_modules/react-dom/cjs/react-dom-test-utils.development.js:1736:7)
      at node_modules/@testing-library/react/dist/act-compat.js:63:25
      at renderRoot (node_modules/@testing-library/react/dist/pure.js:159:26)
      at render (node_modules/@testing-library/react/dist/pure.js:246:10)
      at renderWithRouter (src/components/ProtectedRoute.test.tsx:24:18)
      at Object.<anonymous> (src/components/ProtectedRoute.test.tsx:42:5)

    console.warn
      ÔÜá´©Å React Router Future Flag Warning: React Router will begin wrapping state updates in `React.startTransition` in 
v7. You can use the `v7_startTransition` future flag to opt-in early. For more information, see 
https://reactrouter.com/v6/upgrading/future#v7_starttransition.

    [0m [90m 22 |[39m     (authUtils[33m.[39misAuthenticated [36mas[39m 
jest[33m.[39m[33mMock[39m)[33m.[39mmockReturnValue(isAuthenticated)[33m;[39m
     [90m 23 |[39m
    [31m[1m>[22m[39m[90m 24 |[39m     [36mreturn[39m render(
     [90m    |[39m                  [31m[1m^[22m[39m
     [90m 25 |[39m       [33m<[39m[33mBrowserRouter[39m[33m>[39m
     [90m 26 |[39m         [33m<[39m[33mRoutes[39m[33m>[39m
     [90m 27 |[39m           [33m<[39m[33mRoute[39m path[33m=[39m[32m"/login"[39m 
element[33m=[39m{[33m<[39m[33mTestLoginComponent[39m [35m/>} /[39m[33m>[39m[0m

      at warnOnce (node_modules/react-router/lib/deprecations.ts:9:13)
      at logDeprecation (node_modules/react-router/lib/deprecations.ts:14:3)
      at Object.logV6DeprecationWarnings [as UNSAFE_logV6DeprecationWarnings] 
(node_modules/react-router/lib/deprecations.ts:26:5)
      at node_modules/react-router-dom/index.tsx:816:25
      at commitHookEffectListMount (node_modules/react-dom/cjs/react-dom.development.js:23189:26)
      at commitPassiveMountOnFiber (node_modules/react-dom/cjs/react-dom.development.js:24970:11)
      at commitPassiveMountEffects_complete (node_modules/react-dom/cjs/react-dom.development.js:24930:9)
      at commitPassiveMountEffects_begin (node_modules/react-dom/cjs/react-dom.development.js:24917:7)
      at commitPassiveMountEffects (node_modules/react-dom/cjs/react-dom.development.js:24905:3)
      at flushPassiveEffectsImpl (node_modules/react-dom/cjs/react-dom.development.js:27078:3)
      at flushPassiveEffects (node_modules/react-dom/cjs/react-dom.development.js:27023:14)
      at node_modules/react-dom/cjs/react-dom.development.js:26808:9
      at flushActQueue (node_modules/react/cjs/react.development.js:2667:24)
      at act (node_modules/react/cjs/react.development.js:2582:11)
      at actWithWarning (node_modules/react-dom/cjs/react-dom-test-utils.development.js:1740:10)
      at node_modules/@testing-library/react/dist/act-compat.js:63:25
      at renderRoot (node_modules/@testing-library/react/dist/pure.js:159:26)
      at render (node_modules/@testing-library/react/dist/pure.js:246:10)
      at renderWithRouter (src/components/ProtectedRoute.test.tsx:24:18)
      at Object.<anonymous> (src/components/ProtectedRoute.test.tsx:42:5)

    console.warn
      ÔÜá´©Å React Router Future Flag Warning: Relative route resolution within Splat routes is changing in v7. You can use 
the `v7_relativeSplatPath` future flag to opt-in early. For more information, see 
https://reactrouter.com/v6/upgrading/future#v7_relativesplatpath.

    [0m [90m 22 |[39m     (authUtils[33m.[39misAuthenticated [36mas[39m 
jest[33m.[39m[33mMock[39m)[33m.[39mmockReturnValue(isAuthenticated)[33m;[39m
     [90m 23 |[39m
    [31m[1m>[22m[39m[90m 24 |[39m     [36mreturn[39m render(
     [90m    |[39m                  [31m[1m^[22m[39m
     [90m 25 |[39m       [33m<[39m[33mBrowserRouter[39m[33m>[39m
     [90m 26 |[39m         [33m<[39m[33mRoutes[39m[33m>[39m
     [90m 27 |[39m           [33m<[39m[33mRoute[39m path[33m=[39m[32m"/login"[39m 
element[33m=[39m{[33m<[39m[33mTestLoginComponent[39m [35m/>} /[39m[33m>[39m[0m

      at warnOnce (node_modules/react-router/lib/deprecations.ts:9:13)
      at logDeprecation (node_modules/react-router/lib/deprecations.ts:14:3)
      at Object.logV6DeprecationWarnings [as UNSAFE_logV6DeprecationWarnings] 
(node_modules/react-router/lib/deprecations.ts:37:5)
      at node_modules/react-router-dom/index.tsx:816:25
      at commitHookEffectListMount (node_modules/react-dom/cjs/react-dom.development.js:23189:26)
      at commitPassiveMountOnFiber (node_modules/react-dom/cjs/react-dom.development.js:24970:11)
      at commitPassiveMountEffects_complete (node_modules/react-dom/cjs/react-dom.development.js:24930:9)
      at commitPassiveMountEffects_begin (node_modules/react-dom/cjs/react-dom.development.js:24917:7)
      at commitPassiveMountEffects (node_modules/react-dom/cjs/react-dom.development.js:24905:3)
      at flushPassiveEffectsImpl (node_modules/react-dom/cjs/react-dom.development.js:27078:3)
      at flushPassiveEffects (node_modules/react-dom/cjs/react-dom.development.js:27023:14)
      at node_modules/react-dom/cjs/react-dom.development.js:26808:9
      at flushActQueue (node_modules/react/cjs/react.development.js:2667:24)
      at act (node_modules/react/cjs/react.development.js:2582:11)
      at actWithWarning (node_modules/react-dom/cjs/react-dom-test-utils.development.js:1740:10)
      at node_modules/@testing-library/react/dist/act-compat.js:63:25
      at renderRoot (node_modules/@testing-library/react/dist/pure.js:159:26)
      at render (node_modules/@testing-library/react/dist/pure.js:246:10)
      at renderWithRouter (src/components/ProtectedRoute.test.tsx:24:18)
      at Object.<anonymous> (src/components/ProtectedRoute.test.tsx:42:5)

  ÔùÅ ProtectedRoute Component ÔÇ║ checks authentication status on render

    expect(jest.fn()).toHaveBeenCalled()

    Expected number of calls: >= 1
    Received number of calls:    0

    [0m [90m 77 |[39m     renderWithRouter([36mtrue[39m)[33m;[39m
     [90m 78 |[39m     
    [31m[1m>[22m[39m[90m 79 |[39m     
expect(authUtils[33m.[39misAuthenticated)[33m.[39mtoHaveBeenCalled()[33m;[39m
     [90m    |[39m                                       [31m[1m^[22m[39m
     [90m 80 |[39m   })[33m;[39m
     [90m 81 |[39m })[33m;[39m
     [90m 82 |[39m[0m

      at Object.<anonymous> (src/components/ProtectedRoute.test.tsx:79:39)

PASS src/components/Dashboard/Dashboard.test.tsx
  ÔùÅ Console

    console.error
      Warning: `ReactDOMTestUtils.act` is deprecated in favor of `React.act`. Import `act` from `react` instead of 
`react-dom/test-utils`. See https://react.dev/warnings/react-dom-test-utils for more info.

    [0m [90m 43 |[39m
     [90m 44 |[39m   [36mconst[39m renderDashboard [33m=[39m () [33m=>[39m {
    [31m[1m>[22m[39m[90m 45 |[39m     [36mreturn[39m render(
     [90m    |[39m                  [31m[1m^[22m[39m
     [90m 46 |[39m       [33m<[39m[33mBrowserRouter[39m[33m>[39m
     [90m 47 |[39m         [33m<[39m[33mDashboard[39m [33m/[39m[33m>[39m
     [90m 48 |[39m       [33m<[39m[33m/[39m[33mBrowserRouter[39m[33m>[39m[0m

      at printWarning (node_modules/react-dom/cjs/react-dom-test-utils.development.js:71:30)
      at error (node_modules/react-dom/cjs/react-dom-test-utils.development.js:45:7)
      at actWithWarning (node_modules/react-dom/cjs/react-dom-test-utils.development.js:1736:7)
      at node_modules/@testing-library/react/dist/act-compat.js:63:25
      at renderRoot (node_modules/@testing-library/react/dist/pure.js:159:26)
      at render (node_modules/@testing-library/react/dist/pure.js:246:10)
      at renderDashboard (src/components/Dashboard/Dashboard.test.tsx:45:18)
      at Object.<anonymous> (src/components/Dashboard/Dashboard.test.tsx:55:5)

    console.warn
      ÔÜá´©Å React Router Future Flag Warning: React Router will begin wrapping state updates in `React.startTransition` in 
v7. You can use the `v7_startTransition` future flag to opt-in early. For more information, see 
https://reactrouter.com/v6/upgrading/future#v7_starttransition.

    [0m [90m 43 |[39m
     [90m 44 |[39m   [36mconst[39m renderDashboard [33m=[39m () [33m=>[39m {
    [31m[1m>[22m[39m[90m 45 |[39m     [36mreturn[39m render(
     [90m    |[39m                  [31m[1m^[22m[39m
     [90m 46 |[39m       [33m<[39m[33mBrowserRouter[39m[33m>[39m
     [90m 47 |[39m         [33m<[39m[33mDashboard[39m [33m/[39m[33m>[39m
     [90m 48 |[39m       [33m<[39m[33m/[39m[33mBrowserRouter[39m[33m>[39m[0m

      at warnOnce (node_modules/react-router/lib/deprecations.ts:9:13)
      at logDeprecation (node_modules/react-router/lib/deprecations.ts:14:3)
      at Object.logV6DeprecationWarnings [as UNSAFE_logV6DeprecationWarnings] 
(node_modules/react-router/lib/deprecations.ts:26:5)
      at node_modules/react-router-dom/index.tsx:816:25
      at commitHookEffectListMount (node_modules/react-dom/cjs/react-dom.development.js:23189:26)
      at commitPassiveMountOnFiber (node_modules/react-dom/cjs/react-dom.development.js:24970:11)
      at commitPassiveMountEffects_complete (node_modules/react-dom/cjs/react-dom.development.js:24930:9)
      at commitPassiveMountEffects_begin (node_modules/react-dom/cjs/react-dom.development.js:24917:7)
      at commitPassiveMountEffects (node_modules/react-dom/cjs/react-dom.development.js:24905:3)
      at flushPassiveEffectsImpl (node_modules/react-dom/cjs/react-dom.development.js:27078:3)
      at flushPassiveEffects (node_modules/react-dom/cjs/react-dom.development.js:27023:14)
      at node_modules/react-dom/cjs/react-dom.development.js:26808:9
      at flushActQueue (node_modules/react/cjs/react.development.js:2667:24)
      at act (node_modules/react/cjs/react.development.js:2582:11)
      at actWithWarning (node_modules/react-dom/cjs/react-dom-test-utils.development.js:1740:10)
      at node_modules/@testing-library/react/dist/act-compat.js:63:25
      at renderRoot (node_modules/@testing-library/react/dist/pure.js:159:26)
      at render (node_modules/@testing-library/react/dist/pure.js:246:10)
      at renderDashboard (src/components/Dashboard/Dashboard.test.tsx:45:18)
      at Object.<anonymous> (src/components/Dashboard/Dashboard.test.tsx:55:5)

    console.warn
      ÔÜá´©Å React Router Future Flag Warning: Relative route resolution within Splat routes is changing in v7. You can use 
the `v7_relativeSplatPath` future flag to opt-in early. For more information, see 
https://reactrouter.com/v6/upgrading/future#v7_relativesplatpath.

    [0m [90m 43 |[39m
     [90m 44 |[39m   [36mconst[39m renderDashboard [33m=[39m () [33m=>[39m {
    [31m[1m>[22m[39m[90m 45 |[39m     [36mreturn[39m render(
     [90m    |[39m                  [31m[1m^[22m[39m
     [90m 46 |[39m       [33m<[39m[33mBrowserRouter[39m[33m>[39m
     [90m 47 |[39m         [33m<[39m[33mDashboard[39m [33m/[39m[33m>[39m
     [90m 48 |[39m       [33m<[39m[33m/[39m[33mBrowserRouter[39m[33m>[39m[0m

      at warnOnce (node_modules/react-router/lib/deprecations.ts:9:13)
      at logDeprecation (node_modules/react-router/lib/deprecations.ts:14:3)
      at Object.logV6DeprecationWarnings [as UNSAFE_logV6DeprecationWarnings] 
(node_modules/react-router/lib/deprecations.ts:37:5)
      at node_modules/react-router-dom/index.tsx:816:25
      at commitHookEffectListMount (node_modules/react-dom/cjs/react-dom.development.js:23189:26)
      at commitPassiveMountOnFiber (node_modules/react-dom/cjs/react-dom.development.js:24970:11)
      at commitPassiveMountEffects_complete (node_modules/react-dom/cjs/react-dom.development.js:24930:9)
      at commitPassiveMountEffects_begin (node_modules/react-dom/cjs/react-dom.development.js:24917:7)
      at commitPassiveMountEffects (node_modules/react-dom/cjs/react-dom.development.js:24905:3)
      at flushPassiveEffectsImpl (node_modules/react-dom/cjs/react-dom.development.js:27078:3)
      at flushPassiveEffects (node_modules/react-dom/cjs/react-dom.development.js:27023:14)
      at node_modules/react-dom/cjs/react-dom.development.js:26808:9
      at flushActQueue (node_modules/react/cjs/react.development.js:2667:24)
      at act (node_modules/react/cjs/react.development.js:2582:11)
      at actWithWarning (node_modules/react-dom/cjs/react-dom-test-utils.development.js:1740:10)
      at node_modules/@testing-library/react/dist/act-compat.js:63:25
      at renderRoot (node_modules/@testing-library/react/dist/pure.js:159:26)
      at render (node_modules/@testing-library/react/dist/pure.js:246:10)
      at renderDashboard (src/components/Dashboard/Dashboard.test.tsx:45:18)
      at Object.<anonymous> (src/components/Dashboard/Dashboard.test.tsx:55:5)

PASS src/components/auth/Login.test.tsx
  ÔùÅ Console

    console.error
      Warning: `ReactDOMTestUtils.act` is deprecated in favor of `React.act`. Import `act` from `react` instead of 
`react-dom/test-utils`. See https://react.dev/warnings/react-dom-test-utils for more info.

    [0m [90m 24 |[39m
     [90m 25 |[39m   [36mconst[39m renderLogin [33m=[39m () [33m=>[39m {
    [31m[1m>[22m[39m[90m 26 |[39m     [36mreturn[39m render(
     [90m    |[39m                  [31m[1m^[22m[39m
     [90m 27 |[39m       [33m<[39m[33mBrowserRouter[39m[33m>[39m
     [90m 28 |[39m         [33m<[39m[33mLogin[39m [33m/[39m[33m>[39m
     [90m 29 |[39m       [33m<[39m[33m/[39m[33mBrowserRouter[39m[33m>[39m[0m

      at printWarning (node_modules/react-dom/cjs/react-dom-test-utils.development.js:71:30)
      at error (node_modules/react-dom/cjs/react-dom-test-utils.development.js:45:7)
      at actWithWarning (node_modules/react-dom/cjs/react-dom-test-utils.development.js:1736:7)
      at node_modules/@testing-library/react/dist/act-compat.js:63:25
      at renderRoot (node_modules/@testing-library/react/dist/pure.js:159:26)
      at render (node_modules/@testing-library/react/dist/pure.js:246:10)
      at renderLogin (src/components/auth/Login.test.tsx:26:18)
      at Object.<anonymous> (src/components/auth/Login.test.tsx:34:5)

    console.warn
      ÔÜá´©Å React Router Future Flag Warning: React Router will begin wrapping state updates in `React.startTransition` in 
v7. You can use the `v7_startTransition` future flag to opt-in early. For more information, see 
https://reactrouter.com/v6/upgrading/future#v7_starttransition.

    [0m [90m 24 |[39m
     [90m 25 |[39m   [36mconst[39m renderLogin [33m=[39m () [33m=>[39m {
    [31m[1m>[22m[39m[90m 26 |[39m     [36mreturn[39m render(
     [90m    |[39m                  [31m[1m^[22m[39m
     [90m 27 |[39m       [33m<[39m[33mBrowserRouter[39m[33m>[39m
     [90m 28 |[39m         [33m<[39m[33mLogin[39m [33m/[39m[33m>[39m
     [90m 29 |[39m       [33m<[39m[33m/[39m[33mBrowserRouter[39m[33m>[39m[0m

      at warnOnce (node_modules/react-router/lib/deprecations.ts:9:13)
      at logDeprecation (node_modules/react-router/lib/deprecations.ts:14:3)
      at Object.logV6DeprecationWarnings [as UNSAFE_logV6DeprecationWarnings] 
(node_modules/react-router/lib/deprecations.ts:26:5)
      at node_modules/react-router-dom/index.tsx:816:25
      at commitHookEffectListMount (node_modules/react-dom/cjs/react-dom.development.js:23189:26)
      at commitPassiveMountOnFiber (node_modules/react-dom/cjs/react-dom.development.js:24970:11)
      at commitPassiveMountEffects_complete (node_modules/react-dom/cjs/react-dom.development.js:24930:9)
      at commitPassiveMountEffects_begin (node_modules/react-dom/cjs/react-dom.development.js:24917:7)
      at commitPassiveMountEffects (node_modules/react-dom/cjs/react-dom.development.js:24905:3)
      at flushPassiveEffectsImpl (node_modules/react-dom/cjs/react-dom.development.js:27078:3)
      at flushPassiveEffects (node_modules/react-dom/cjs/react-dom.development.js:27023:14)
      at node_modules/react-dom/cjs/react-dom.development.js:26808:9
      at flushActQueue (node_modules/react/cjs/react.development.js:2667:24)
      at act (node_modules/react/cjs/react.development.js:2582:11)
      at actWithWarning (node_modules/react-dom/cjs/react-dom-test-utils.development.js:1740:10)
      at node_modules/@testing-library/react/dist/act-compat.js:63:25
      at renderRoot (node_modules/@testing-library/react/dist/pure.js:159:26)
      at render (node_modules/@testing-library/react/dist/pure.js:246:10)
      at renderLogin (src/components/auth/Login.test.tsx:26:18)
      at Object.<anonymous> (src/components/auth/Login.test.tsx:34:5)

    console.warn
      ÔÜá´©Å React Router Future Flag Warning: Relative route resolution within Splat routes is changing in v7. You can use 
the `v7_relativeSplatPath` future flag to opt-in early. For more information, see 
https://reactrouter.com/v6/upgrading/future#v7_relativesplatpath.

    [0m [90m 24 |[39m
     [90m 25 |[39m   [36mconst[39m renderLogin [33m=[39m () [33m=>[39m {
    [31m[1m>[22m[39m[90m 26 |[39m     [36mreturn[39m render(
     [90m    |[39m                  [31m[1m^[22m[39m
     [90m 27 |[39m       [33m<[39m[33mBrowserRouter[39m[33m>[39m
     [90m 28 |[39m         [33m<[39m[33mLogin[39m [33m/[39m[33m>[39m
     [90m 29 |[39m       [33m<[39m[33m/[39m[33mBrowserRouter[39m[33m>[39m[0m

      at warnOnce (node_modules/react-router/lib/deprecations.ts:9:13)
      at logDeprecation (node_modules/react-router/lib/deprecations.ts:14:3)
      at Object.logV6DeprecationWarnings [as UNSAFE_logV6DeprecationWarnings] 
(node_modules/react-router/lib/deprecations.ts:37:5)
      at node_modules/react-router-dom/index.tsx:816:25
      at commitHookEffectListMount (node_modules/react-dom/cjs/react-dom.development.js:23189:26)
      at commitPassiveMountOnFiber (node_modules/react-dom/cjs/react-dom.development.js:24970:11)
      at commitPassiveMountEffects_complete (node_modules/react-dom/cjs/react-dom.development.js:24930:9)
      at commitPassiveMountEffects_begin (node_modules/react-dom/cjs/react-dom.development.js:24917:7)
      at commitPassiveMountEffects (node_modules/react-dom/cjs/react-dom.development.js:24905:3)
      at flushPassiveEffectsImpl (node_modules/react-dom/cjs/react-dom.development.js:27078:3)
      at flushPassiveEffects (node_modules/react-dom/cjs/react-dom.development.js:27023:14)
      at node_modules/react-dom/cjs/react-dom.development.js:26808:9
      at flushActQueue (node_modules/react/cjs/react.development.js:2667:24)
      at act (node_modules/react/cjs/react.development.js:2582:11)
      at actWithWarning (node_modules/react-dom/cjs/react-dom-test-utils.development.js:1740:10)
      at node_modules/@testing-library/react/dist/act-compat.js:63:25
      at renderRoot (node_modules/@testing-library/react/dist/pure.js:159:26)
      at render (node_modules/@testing-library/react/dist/pure.js:246:10)
      at renderLogin (src/components/auth/Login.test.tsx:26:18)
      at Object.<anonymous> (src/components/auth/Login.test.tsx:34:5)

PASS src/components/auth/Register.test.tsx
  ÔùÅ Console

    console.error
      Warning: `ReactDOMTestUtils.act` is deprecated in favor of `React.act`. Import `act` from `react` instead of 
`react-dom/test-utils`. See https://react.dev/warnings/react-dom-test-utils for more info.

    [0m [90m 24 |[39m
     [90m 25 |[39m   [36mconst[39m renderRegister [33m=[39m () [33m=>[39m {
    [31m[1m>[22m[39m[90m 26 |[39m     [36mreturn[39m render(
     [90m    |[39m                  [31m[1m^[22m[39m
     [90m 27 |[39m       [33m<[39m[33mBrowserRouter[39m[33m>[39m
     [90m 28 |[39m         [33m<[39m[33mRegister[39m [33m/[39m[33m>[39m
     [90m 29 |[39m       [33m<[39m[33m/[39m[33mBrowserRouter[39m[33m>[39m[0m

      at printWarning (node_modules/react-dom/cjs/react-dom-test-utils.development.js:71:30)
      at error (node_modules/react-dom/cjs/react-dom-test-utils.development.js:45:7)
      at actWithWarning (node_modules/react-dom/cjs/react-dom-test-utils.development.js:1736:7)
      at node_modules/@testing-library/react/dist/act-compat.js:63:25
      at renderRoot (node_modules/@testing-library/react/dist/pure.js:159:26)
      at render (node_modules/@testing-library/react/dist/pure.js:246:10)
      at renderRegister (src/components/auth/Register.test.tsx:26:18)
      at Object.<anonymous> (src/components/auth/Register.test.tsx:34:5)

    console.warn
      ÔÜá´©Å React Router Future Flag Warning: React Router will begin wrapping state updates in `React.startTransition` in 
v7. You can use the `v7_startTransition` future flag to opt-in early. For more information, see 
https://reactrouter.com/v6/upgrading/future#v7_starttransition.

    [0m [90m 24 |[39m
     [90m 25 |[39m   [36mconst[39m renderRegister [33m=[39m () [33m=>[39m {
    [31m[1m>[22m[39m[90m 26 |[39m     [36mreturn[39m render(
     [90m    |[39m                  [31m[1m^[22m[39m
     [90m 27 |[39m       [33m<[39m[33mBrowserRouter[39m[33m>[39m
     [90m 28 |[39m         [33m<[39m[33mRegister[39m [33m/[39m[33m>[39m
     [90m 29 |[39m       [33m<[39m[33m/[39m[33mBrowserRouter[39m[33m>[39m[0m

      at warnOnce (node_modules/react-router/lib/deprecations.ts:9:13)
      at logDeprecation (node_modules/react-router/lib/deprecations.ts:14:3)
      at Object.logV6DeprecationWarnings [as UNSAFE_logV6DeprecationWarnings] 
(node_modules/react-router/lib/deprecations.ts:26:5)
      at node_modules/react-router-dom/index.tsx:816:25
      at commitHookEffectListMount (node_modules/react-dom/cjs/react-dom.development.js:23189:26)
      at commitPassiveMountOnFiber (node_modules/react-dom/cjs/react-dom.development.js:24970:11)
      at commitPassiveMountEffects_complete (node_modules/react-dom/cjs/react-dom.development.js:24930:9)
      at commitPassiveMountEffects_begin (node_modules/react-dom/cjs/react-dom.development.js:24917:7)
      at commitPassiveMountEffects (node_modules/react-dom/cjs/react-dom.development.js:24905:3)
      at flushPassiveEffectsImpl (node_modules/react-dom/cjs/react-dom.development.js:27078:3)
      at flushPassiveEffects (node_modules/react-dom/cjs/react-dom.development.js:27023:14)
      at node_modules/react-dom/cjs/react-dom.development.js:26808:9
      at flushActQueue (node_modules/react/cjs/react.development.js:2667:24)
      at act (node_modules/react/cjs/react.development.js:2582:11)
      at actWithWarning (node_modules/react-dom/cjs/react-dom-test-utils.development.js:1740:10)
      at node_modules/@testing-library/react/dist/act-compat.js:63:25
      at renderRoot (node_modules/@testing-library/react/dist/pure.js:159:26)
      at render (node_modules/@testing-library/react/dist/pure.js:246:10)
      at renderRegister (src/components/auth/Register.test.tsx:26:18)
      at Object.<anonymous> (src/components/auth/Register.test.tsx:34:5)

    console.warn
      ÔÜá´©Å React Router Future Flag Warning: Relative route resolution within Splat routes is changing in v7. You can use 
the `v7_relativeSplatPath` future flag to opt-in early. For more information, see 
https://reactrouter.com/v6/upgrading/future#v7_relativesplatpath.

    [0m [90m 24 |[39m
     [90m 25 |[39m   [36mconst[39m renderRegister [33m=[39m () [33m=>[39m {
    [31m[1m>[22m[39m[90m 26 |[39m     [36mreturn[39m render(
     [90m    |[39m                  [31m[1m^[22m[39m
     [90m 27 |[39m       [33m<[39m[33mBrowserRouter[39m[33m>[39m
     [90m 28 |[39m         [33m<[39m[33mRegister[39m [33m/[39m[33m>[39m
     [90m 29 |[39m       [33m<[39m[33m/[39m[33mBrowserRouter[39m[33m>[39m[0m

      at warnOnce (node_modules/react-router/lib/deprecations.ts:9:13)
      at logDeprecation (node_modules/react-router/lib/deprecations.ts:14:3)
      at Object.logV6DeprecationWarnings [as UNSAFE_logV6DeprecationWarnings] 
(node_modules/react-router/lib/deprecations.ts:37:5)
      at node_modules/react-router-dom/index.tsx:816:25
      at commitHookEffectListMount (node_modules/react-dom/cjs/react-dom.development.js:23189:26)
      at commitPassiveMountOnFiber (node_modules/react-dom/cjs/react-dom.development.js:24970:11)
      at commitPassiveMountEffects_complete (node_modules/react-dom/cjs/react-dom.development.js:24930:9)
      at commitPassiveMountEffects_begin (node_modules/react-dom/cjs/react-dom.development.js:24917:7)
      at commitPassiveMountEffects (node_modules/react-dom/cjs/react-dom.development.js:24905:3)
      at flushPassiveEffectsImpl (node_modules/react-dom/cjs/react-dom.development.js:27078:3)
      at flushPassiveEffects (node_modules/react-dom/cjs/react-dom.development.js:27023:14)
      at node_modules/react-dom/cjs/react-dom.development.js:26808:9
      at flushActQueue (node_modules/react/cjs/react.development.js:2667:24)
      at act (node_modules/react/cjs/react.development.js:2582:11)
      at actWithWarning (node_modules/react-dom/cjs/react-dom-test-utils.development.js:1740:10)
      at node_modules/@testing-library/react/dist/act-compat.js:63:25
      at renderRoot (node_modules/@testing-library/react/dist/pure.js:159:26)
      at render (node_modules/@testing-library/react/dist/pure.js:246:10)
      at renderRegister (src/components/auth/Register.test.tsx:26:18)
      at Object.<anonymous> (src/components/auth/Register.test.tsx:34:5)

PASS src/components/Onboarding/Onboarding.test.tsx
  ÔùÅ Console

    console.error
      Warning: `ReactDOMTestUtils.act` is deprecated in favor of `React.act`. Import `act` from `react` instead of 
`react-dom/test-utils`. See https://react.dev/warnings/react-dom-test-utils for more info.

    [0m [90m 24 |[39m
     [90m 25 |[39m   [36mconst[39m renderOnboarding [33m=[39m () [33m=>[39m {
    [31m[1m>[22m[39m[90m 26 |[39m     [36mreturn[39m render(
     [90m    |[39m                  [31m[1m^[22m[39m
     [90m 27 |[39m       [33m<[39m[33mBrowserRouter[39m[33m>[39m
     [90m 28 |[39m         [33m<[39m[33mOnboarding[39m [33m/[39m[33m>[39m
     [90m 29 |[39m       [33m<[39m[33m/[39m[33mBrowserRouter[39m[33m>[39m[0m

      at printWarning (node_modules/react-dom/cjs/react-dom-test-utils.development.js:71:30)
      at error (node_modules/react-dom/cjs/react-dom-test-utils.development.js:45:7)
      at actWithWarning (node_modules/react-dom/cjs/react-dom-test-utils.development.js:1736:7)
      at node_modules/@testing-library/react/dist/act-compat.js:63:25
      at renderRoot (node_modules/@testing-library/react/dist/pure.js:159:26)
      at render (node_modules/@testing-library/react/dist/pure.js:246:10)
      at renderOnboarding (src/components/Onboarding/Onboarding.test.tsx:26:18)
      at Object.<anonymous> (src/components/Onboarding/Onboarding.test.tsx:34:5)

    console.warn
      ÔÜá´©Å React Router Future Flag Warning: React Router will begin wrapping state updates in `React.startTransition` in 
v7. You can use the `v7_startTransition` future flag to opt-in early. For more information, see 
https://reactrouter.com/v6/upgrading/future#v7_starttransition.

    [0m [90m 24 |[39m
     [90m 25 |[39m   [36mconst[39m renderOnboarding [33m=[39m () [33m=>[39m {
    [31m[1m>[22m[39m[90m 26 |[39m     [36mreturn[39m render(
     [90m    |[39m                  [31m[1m^[22m[39m
     [90m 27 |[39m       [33m<[39m[33mBrowserRouter[39m[33m>[39m
     [90m 28 |[39m         [33m<[39m[33mOnboarding[39m [33m/[39m[33m>[39m
     [90m 29 |[39m       [33m<[39m[33m/[39m[33mBrowserRouter[39m[33m>[39m[0m

      at warnOnce (node_modules/react-router/lib/deprecations.ts:9:13)
      at logDeprecation (node_modules/react-router/lib/deprecations.ts:14:3)
      at Object.logV6DeprecationWarnings [as UNSAFE_logV6DeprecationWarnings] 
(node_modules/react-router/lib/deprecations.ts:26:5)
      at node_modules/react-router-dom/index.tsx:816:25
      at commitHookEffectListMount (node_modules/react-dom/cjs/react-dom.development.js:23189:26)
      at commitPassiveMountOnFiber (node_modules/react-dom/cjs/react-dom.development.js:24970:11)
      at commitPassiveMountEffects_complete (node_modules/react-dom/cjs/react-dom.development.js:24930:9)
      at commitPassiveMountEffects_begin (node_modules/react-dom/cjs/react-dom.development.js:24917:7)
      at commitPassiveMountEffects (node_modules/react-dom/cjs/react-dom.development.js:24905:3)
      at flushPassiveEffectsImpl (node_modules/react-dom/cjs/react-dom.development.js:27078:3)
      at flushPassiveEffects (node_modules/react-dom/cjs/react-dom.development.js:27023:14)
      at node_modules/react-dom/cjs/react-dom.development.js:26808:9
      at flushActQueue (node_modules/react/cjs/react.development.js:2667:24)
      at act (node_modules/react/cjs/react.development.js:2582:11)
      at actWithWarning (node_modules/react-dom/cjs/react-dom-test-utils.development.js:1740:10)
      at node_modules/@testing-library/react/dist/act-compat.js:63:25
      at renderRoot (node_modules/@testing-library/react/dist/pure.js:159:26)
      at render (node_modules/@testing-library/react/dist/pure.js:246:10)
      at renderOnboarding (src/components/Onboarding/Onboarding.test.tsx:26:18)
      at Object.<anonymous> (src/components/Onboarding/Onboarding.test.tsx:34:5)

    console.warn
      ÔÜá´©Å React Router Future Flag Warning: Relative route resolution within Splat routes is changing in v7. You can use 
the `v7_relativeSplatPath` future flag to opt-in early. For more information, see 
https://reactrouter.com/v6/upgrading/future#v7_relativesplatpath.

    [0m [90m 24 |[39m
     [90m 25 |[39m   [36mconst[39m renderOnboarding [33m=[39m () [33m=>[39m {
    [31m[1m>[22m[39m[90m 26 |[39m     [36mreturn[39m render(
     [90m    |[39m                  [31m[1m^[22m[39m
     [90m 27 |[39m       [33m<[39m[33mBrowserRouter[39m[33m>[39m
     [90m 28 |[39m         [33m<[39m[33mOnboarding[39m [33m/[39m[33m>[39m
     [90m 29 |[39m       [33m<[39m[33m/[39m[33mBrowserRouter[39m[33m>[39m[0m

      at warnOnce (node_modules/react-router/lib/deprecations.ts:9:13)
      at logDeprecation (node_modules/react-router/lib/deprecations.ts:14:3)
      at Object.logV6DeprecationWarnings [as UNSAFE_logV6DeprecationWarnings] 
(node_modules/react-router/lib/deprecations.ts:37:5)
      at node_modules/react-router-dom/index.tsx:816:25
      at commitHookEffectListMount (node_modules/react-dom/cjs/react-dom.development.js:23189:26)
      at commitPassiveMountOnFiber (node_modules/react-dom/cjs/react-dom.development.js:24970:11)
      at commitPassiveMountEffects_complete (node_modules/react-dom/cjs/react-dom.development.js:24930:9)
      at commitPassiveMountEffects_begin (node_modules/react-dom/cjs/react-dom.development.js:24917:7)
      at commitPassiveMountEffects (node_modules/react-dom/cjs/react-dom.development.js:24905:3)
      at flushPassiveEffectsImpl (node_modules/react-dom/cjs/react-dom.development.js:27078:3)
      at flushPassiveEffects (node_modules/react-dom/cjs/react-dom.development.js:27023:14)
      at node_modules/react-dom/cjs/react-dom.development.js:26808:9
      at flushActQueue (node_modules/react/cjs/react.development.js:2667:24)
      at act (node_modules/react/cjs/react.development.js:2582:11)
      at actWithWarning (node_modules/react-dom/cjs/react-dom-test-utils.development.js:1740:10)
      at node_modules/@testing-library/react/dist/act-compat.js:63:25
      at renderRoot (node_modules/@testing-library/react/dist/pure.js:159:26)
      at render (node_modules/@testing-library/react/dist/pure.js:246:10)
      at renderOnboarding (src/components/Onboarding/Onboarding.test.tsx:26:18)
      at Object.<anonymous> (src/components/Onboarding/Onboarding.test.tsx:34:5)

FAIL src/components/JobsList/JobsList.test.tsx (6.327 s)
  ÔùÅ Console

    console.error
      Warning: `ReactDOMTestUtils.act` is deprecated in favor of `React.act`. Import `act` from `react` instead of 
`react-dom/test-utils`. See https://react.dev/warnings/react-dom-test-utils for more info.

    [0m [90m 61 |[39m
     [90m 62 |[39m   [36mconst[39m renderJobsList [33m=[39m () [33m=>[39m {
    [31m[1m>[22m[39m[90m 63 |[39m     [36mreturn[39m render(
     [90m    |[39m                  [31m[1m^[22m[39m
     [90m 64 |[39m       [33m<[39m[33mBrowserRouter[39m[33m>[39m
     [90m 65 |[39m         [33m<[39m[33mJobsList[39m [33m/[39m[33m>[39m
     [90m 66 |[39m       [33m<[39m[33m/[39m[33mBrowserRouter[39m[33m>[39m[0m

      at printWarning (node_modules/react-dom/cjs/react-dom-test-utils.development.js:71:30)
      at error (node_modules/react-dom/cjs/react-dom-test-utils.development.js:45:7)
      at actWithWarning (node_modules/react-dom/cjs/react-dom-test-utils.development.js:1736:7)
      at node_modules/@testing-library/react/dist/act-compat.js:63:25
      at renderRoot (node_modules/@testing-library/react/dist/pure.js:159:26)
      at render (node_modules/@testing-library/react/dist/pure.js:246:10)
      at renderJobsList (src/components/JobsList/JobsList.test.tsx:63:18)
      at Object.<anonymous> (src/components/JobsList/JobsList.test.tsx:73:5)

    console.warn
      ÔÜá´©Å React Router Future Flag Warning: React Router will begin wrapping state updates in `React.startTransition` in 
v7. You can use the `v7_startTransition` future flag to opt-in early. For more information, see 
https://reactrouter.com/v6/upgrading/future#v7_starttransition.

    [0m [90m 61 |[39m
     [90m 62 |[39m   [36mconst[39m renderJobsList [33m=[39m () [33m=>[39m {
    [31m[1m>[22m[39m[90m 63 |[39m     [36mreturn[39m render(
     [90m    |[39m                  [31m[1m^[22m[39m
     [90m 64 |[39m       [33m<[39m[33mBrowserRouter[39m[33m>[39m
     [90m 65 |[39m         [33m<[39m[33mJobsList[39m [33m/[39m[33m>[39m
     [90m 66 |[39m       [33m<[39m[33m/[39m[33mBrowserRouter[39m[33m>[39m[0m

      at warnOnce (node_modules/react-router/lib/deprecations.ts:9:13)
      at logDeprecation (node_modules/react-router/lib/deprecations.ts:14:3)
      at Object.logV6DeprecationWarnings [as UNSAFE_logV6DeprecationWarnings] 
(node_modules/react-router/lib/deprecations.ts:26:5)
      at node_modules/react-router-dom/index.tsx:816:25
      at commitHookEffectListMount (node_modules/react-dom/cjs/react-dom.development.js:23189:26)
      at commitPassiveMountOnFiber (node_modules/react-dom/cjs/react-dom.development.js:24970:11)
      at commitPassiveMountEffects_complete (node_modules/react-dom/cjs/react-dom.development.js:24930:9)
      at commitPassiveMountEffects_begin (node_modules/react-dom/cjs/react-dom.development.js:24917:7)
      at commitPassiveMountEffects (node_modules/react-dom/cjs/react-dom.development.js:24905:3)
      at flushPassiveEffectsImpl (node_modules/react-dom/cjs/react-dom.development.js:27078:3)
      at flushPassiveEffects (node_modules/react-dom/cjs/react-dom.development.js:27023:14)
      at node_modules/react-dom/cjs/react-dom.development.js:26808:9
      at flushActQueue (node_modules/react/cjs/react.development.js:2667:24)
      at act (node_modules/react/cjs/react.development.js:2582:11)
      at actWithWarning (node_modules/react-dom/cjs/react-dom-test-utils.development.js:1740:10)
      at node_modules/@testing-library/react/dist/act-compat.js:63:25
      at renderRoot (node_modules/@testing-library/react/dist/pure.js:159:26)
      at render (node_modules/@testing-library/react/dist/pure.js:246:10)
      at renderJobsList (src/components/JobsList/JobsList.test.tsx:63:18)
      at Object.<anonymous> (src/components/JobsList/JobsList.test.tsx:73:5)

    console.warn
      ÔÜá´©Å React Router Future Flag Warning: Relative route resolution within Splat routes is changing in v7. You can use 
the `v7_relativeSplatPath` future flag to opt-in early. For more information, see 
https://reactrouter.com/v6/upgrading/future#v7_relativesplatpath.

    [0m [90m 61 |[39m
     [90m 62 |[39m   [36mconst[39m renderJobsList [33m=[39m () [33m=>[39m {
    [31m[1m>[22m[39m[90m 63 |[39m     [36mreturn[39m render(
     [90m    |[39m                  [31m[1m^[22m[39m
     [90m 64 |[39m       [33m<[39m[33mBrowserRouter[39m[33m>[39m
     [90m 65 |[39m         [33m<[39m[33mJobsList[39m [33m/[39m[33m>[39m
     [90m 66 |[39m       [33m<[39m[33m/[39m[33mBrowserRouter[39m[33m>[39m[0m

      at warnOnce (node_modules/react-router/lib/deprecations.ts:9:13)
      at logDeprecation (node_modules/react-router/lib/deprecations.ts:14:3)
      at Object.logV6DeprecationWarnings [as UNSAFE_logV6DeprecationWarnings] 
(node_modules/react-router/lib/deprecations.ts:37:5)
      at node_modules/react-router-dom/index.tsx:816:25
      at commitHookEffectListMount (node_modules/react-dom/cjs/react-dom.development.js:23189:26)
      at commitPassiveMountOnFiber (node_modules/react-dom/cjs/react-dom.development.js:24970:11)
      at commitPassiveMountEffects_complete (node_modules/react-dom/cjs/react-dom.development.js:24930:9)
      at commitPassiveMountEffects_begin (node_modules/react-dom/cjs/react-dom.development.js:24917:7)
      at commitPassiveMountEffects (node_modules/react-dom/cjs/react-dom.development.js:24905:3)
      at flushPassiveEffectsImpl (node_modules/react-dom/cjs/react-dom.development.js:27078:3)
      at flushPassiveEffects (node_modules/react-dom/cjs/react-dom.development.js:27023:14)
      at node_modules/react-dom/cjs/react-dom.development.js:26808:9
      at flushActQueue (node_modules/react/cjs/react.development.js:2667:24)
      at act (node_modules/react/cjs/react.development.js:2582:11)
      at actWithWarning (node_modules/react-dom/cjs/react-dom-test-utils.development.js:1740:10)
      at node_modules/@testing-library/react/dist/act-compat.js:63:25
      at renderRoot (node_modules/@testing-library/react/dist/pure.js:159:26)
      at render (node_modules/@testing-library/react/dist/pure.js:246:10)
      at renderJobsList (src/components/JobsList/JobsList.test.tsx:63:18)
      at Object.<anonymous> (src/components/JobsList/JobsList.test.tsx:73:5)

    console.error
      Warning: An update to JobsList inside a test was not wrapped in act(...).
      
      When testing, code that causes React state updates should be wrapped into act(...):
      
      act(() => {
        /* fire events that update state */
      });
      /* assert on the output */
      
      This ensures that you're testing the behavior the user would see in the browser. Learn more at 
https://reactjs.org/link/wrap-tests-with-act
          at JobsList (H:\tech test\frontend\src\components\JobsList\JobsList.tsx:6:35)
          at Router (H:\tech test\frontend\node_modules\react-router\lib\components.tsx:421:13)
          at BrowserRouter (H:\tech test\frontend\node_modules\react-router-dom\index.tsx:789:3)

    [0m [90m 38 |[39m       
     [90m 39 |[39m       [90m// Update jobs list with fresh data for active jobs[39m
    [31m[1m>[22m[39m[90m 40 |[39m       setJobs(prevJobs [33m=>[39m 
     [90m    |[39m       [31m[1m^[22m[39m
     [90m 41 |[39m         prevJobs[33m.[39mmap(job [33m=>[39m {
     [90m 42 |[39m           [36mconst[39m update [33m=[39m updates[33m.[39mfind(u [33m=>[39m u[33m.[39mjobId 
[33m===[39m job[33m.[39mjobId)[33m;[39m
     [90m 43 |[39m           [36mreturn[39m update [33m||[39m job[33m;[39m[0m

      at printWarning (node_modules/react-dom/cjs/react-dom.development.js:86:30)
      at error (node_modules/react-dom/cjs/react-dom.development.js:60:7)
      at warnIfUpdatesNotWrappedWithActDEV (node_modules/react-dom/cjs/react-dom.development.js:27628:9)
      at scheduleUpdateOnFiber (node_modules/react-dom/cjs/react-dom.development.js:25547:5)
      at setJobs (node_modules/react-dom/cjs/react-dom.development.js:16708:7)
      at pollActiveJobs (src/components/JobsList/JobsList.tsx:40:7)

    console.error
      Polling error: TypeError: Cannot read properties of undefined (reading 'status')
          at filter (H:\tech test\frontend\src\components\JobsList\JobsList.tsx:49:28)
          at Array.filter (<anonymous>)
          at pollActiveJobs (H:\tech test\frontend\src\components\JobsList\JobsList.tsx:49:10)

    [0m [90m 52 |[39m       setActiveJobIds(stillActive)[33m;[39m
     [90m 53 |[39m     } [36mcatch[39m (err) {
    [31m[1m>[22m[39m[90m 54 |[39m       console[33m.[39merror([32m'Polling error:'[39m[33m,[39m err)[33m;[39m
     [90m    |[39m               [31m[1m^[22m[39m
     [90m 55 |[39m     }
     [90m 56 |[39m   }[33m;[39m
     [90m 57 |[39m[0m

      at pollActiveJobs (src/components/JobsList/JobsList.tsx:54:15)

    console.error
      Warning: An update to JobsList inside a test was not wrapped in act(...).
      
      When testing, code that causes React state updates should be wrapped into act(...):
      
      act(() => {
        /* fire events that update state */
      });
      /* assert on the output */
      
      This ensures that you're testing the behavior the user would see in the browser. Learn more at 
https://reactjs.org/link/wrap-tests-with-act
          at JobsList (H:\tech test\frontend\src\components\JobsList\JobsList.tsx:6:35)
          at Router (H:\tech test\frontend\node_modules\react-router\lib\components.tsx:421:13)
          at BrowserRouter (H:\tech test\frontend\node_modules\react-router-dom\index.tsx:789:3)

    [0m [90m 38 |[39m       
     [90m 39 |[39m       [90m// Update jobs list with fresh data for active jobs[39m
    [31m[1m>[22m[39m[90m 40 |[39m       setJobs(prevJobs [33m=>[39m 
     [90m    |[39m       [31m[1m^[22m[39m
     [90m 41 |[39m         prevJobs[33m.[39mmap(job [33m=>[39m {
     [90m 42 |[39m           [36mconst[39m update [33m=[39m updates[33m.[39mfind(u [33m=>[39m u[33m.[39mjobId 
[33m===[39m job[33m.[39mjobId)[33m;[39m
     [90m 43 |[39m           [36mreturn[39m update [33m||[39m job[33m;[39m[0m

      at printWarning (node_modules/react-dom/cjs/react-dom.development.js:86:30)
      at error (node_modules/react-dom/cjs/react-dom.development.js:60:7)
      at warnIfUpdatesNotWrappedWithActDEV (node_modules/react-dom/cjs/react-dom.development.js:27628:9)
      at scheduleUpdateOnFiber (node_modules/react-dom/cjs/react-dom.development.js:25547:5)
      at setJobs (node_modules/react-dom/cjs/react-dom.development.js:16708:7)
      at pollActiveJobs (src/components/JobsList/JobsList.tsx:40:7)

    console.error
      Polling error: TypeError: Cannot read properties of undefined (reading 'status')
          at filter (H:\tech test\frontend\src\components\JobsList\JobsList.tsx:49:28)
          at Array.filter (<anonymous>)
          at pollActiveJobs (H:\tech test\frontend\src\components\JobsList\JobsList.tsx:49:10)

    [0m [90m 52 |[39m       setActiveJobIds(stillActive)[33m;[39m
     [90m 53 |[39m     } [36mcatch[39m (err) {
    [31m[1m>[22m[39m[90m 54 |[39m       console[33m.[39merror([32m'Polling error:'[39m[33m,[39m err)[33m;[39m
     [90m    |[39m               [31m[1m^[22m[39m
     [90m 55 |[39m     }
     [90m 56 |[39m   }[33m;[39m
     [90m 57 |[39m[0m

      at pollActiveJobs (src/components/JobsList/JobsList.tsx:54:15)

    console.error
      Warning: An update to JobsList inside a test was not wrapped in act(...).
      
      When testing, code that causes React state updates should be wrapped into act(...):
      
      act(() => {
        /* fire events that update state */
      });
      /* assert on the output */
      
      This ensures that you're testing the behavior the user would see in the browser. Learn more at 
https://reactjs.org/link/wrap-tests-with-act
          at JobsList (H:\tech test\frontend\src\components\JobsList\JobsList.tsx:6:35)
          at Router (H:\tech test\frontend\node_modules\react-router\lib\components.tsx:421:13)
          at BrowserRouter (H:\tech test\frontend\node_modules\react-router-dom\index.tsx:789:3)

    [0m [90m 38 |[39m       
     [90m 39 |[39m       [90m// Update jobs list with fresh data for active jobs[39m
    [31m[1m>[22m[39m[90m 40 |[39m       setJobs(prevJobs [33m=>[39m 
     [90m    |[39m       [31m[1m^[22m[39m
     [90m 41 |[39m         prevJobs[33m.[39mmap(job [33m=>[39m {
     [90m 42 |[39m           [36mconst[39m update [33m=[39m updates[33m.[39mfind(u [33m=>[39m u[33m.[39mjobId 
[33m===[39m job[33m.[39mjobId)[33m;[39m
     [90m 43 |[39m           [36mreturn[39m update [33m||[39m job[33m;[39m[0m

      at printWarning (node_modules/react-dom/cjs/react-dom.development.js:86:30)
      at error (node_modules/react-dom/cjs/react-dom.development.js:60:7)
      at warnIfUpdatesNotWrappedWithActDEV (node_modules/react-dom/cjs/react-dom.development.js:27628:9)
      at scheduleUpdateOnFiber (node_modules/react-dom/cjs/react-dom.development.js:25547:5)
      at setJobs (node_modules/react-dom/cjs/react-dom.development.js:16708:7)
      at pollActiveJobs (src/components/JobsList/JobsList.tsx:40:7)

    console.error
      Polling error: TypeError: Cannot read properties of undefined (reading 'status')
          at filter (H:\tech test\frontend\src\components\JobsList\JobsList.tsx:49:28)
          at Array.filter (<anonymous>)
          at pollActiveJobs (H:\tech test\frontend\src\components\JobsList\JobsList.tsx:49:10)

    [0m [90m 52 |[39m       setActiveJobIds(stillActive)[33m;[39m
     [90m 53 |[39m     } [36mcatch[39m (err) {
    [31m[1m>[22m[39m[90m 54 |[39m       console[33m.[39merror([32m'Polling error:'[39m[33m,[39m err)[33m;[39m
     [90m    |[39m               [31m[1m^[22m[39m
     [90m 55 |[39m     }
     [90m 56 |[39m   }[33m;[39m
     [90m 57 |[39m[0m

      at pollActiveJobs (src/components/JobsList/JobsList.tsx:54:15)

    console.error
      Warning: An update to JobsList inside a test was not wrapped in act(...).
      
      When testing, code that causes React state updates should be wrapped into act(...):
      
      act(() => {
        /* fire events that update state */
      });
      /* assert on the output */
      
      This ensures that you're testing the behavior the user would see in the browser. Learn more at 
https://reactjs.org/link/wrap-tests-with-act
          at JobsList (H:\tech test\frontend\src\components\JobsList\JobsList.tsx:6:35)
          at Router (H:\tech test\frontend\node_modules\react-router\lib\components.tsx:421:13)
          at BrowserRouter (H:\tech test\frontend\node_modules\react-router-dom\index.tsx:789:3)

    [0m [90m 38 |[39m       
     [90m 39 |[39m       [90m// Update jobs list with fresh data for active jobs[39m
    [31m[1m>[22m[39m[90m 40 |[39m       setJobs(prevJobs [33m=>[39m 
     [90m    |[39m       [31m[1m^[22m[39m
     [90m 41 |[39m         prevJobs[33m.[39mmap(job [33m=>[39m {
     [90m 42 |[39m           [36mconst[39m update [33m=[39m updates[33m.[39mfind(u [33m=>[39m u[33m.[39mjobId 
[33m===[39m job[33m.[39mjobId)[33m;[39m
     [90m 43 |[39m           [36mreturn[39m update [33m||[39m job[33m;[39m[0m

      at printWarning (node_modules/react-dom/cjs/react-dom.development.js:86:30)
      at error (node_modules/react-dom/cjs/react-dom.development.js:60:7)
      at warnIfUpdatesNotWrappedWithActDEV (node_modules/react-dom/cjs/react-dom.development.js:27628:9)
      at scheduleUpdateOnFiber (node_modules/react-dom/cjs/react-dom.development.js:25547:5)
      at setJobs (node_modules/react-dom/cjs/react-dom.development.js:16708:7)
      at pollActiveJobs (src/components/JobsList/JobsList.tsx:40:7)

    console.error
      Warning: An update to JobsList inside a test was not wrapped in act(...).
      
      When testing, code that causes React state updates should be wrapped into act(...):
      
      act(() => {
        /* fire events that update state */
      });
      /* assert on the output */
      
      This ensures that you're testing the behavior the user would see in the browser. Learn more at 
https://reactjs.org/link/wrap-tests-with-act
          at JobsList (H:\tech test\frontend\src\components\JobsList\JobsList.tsx:6:35)
          at Router (H:\tech test\frontend\node_modules\react-router\lib\components.tsx:421:13)
          at BrowserRouter (H:\tech test\frontend\node_modules\react-router-dom\index.tsx:789:3)

    [0m [90m 50 |[39m         [33m.[39mmap(job [33m=>[39m job[33m.[39mjobId)[33m;[39m
     [90m 51 |[39m       
    [31m[1m>[22m[39m[90m 52 |[39m       setActiveJobIds(stillActive)[33m;[39m
     [90m    |[39m       [31m[1m^[22m[39m
     [90m 53 |[39m     } [36mcatch[39m (err) {
     [90m 54 |[39m       console[33m.[39merror([32m'Polling error:'[39m[33m,[39m err)[33m;[39m
     [90m 55 |[39m     }[0m

      at printWarning (node_modules/react-dom/cjs/react-dom.development.js:86:30)
      at error (node_modules/react-dom/cjs/react-dom.development.js:60:7)
      at warnIfUpdatesNotWrappedWithActDEV (node_modules/react-dom/cjs/react-dom.development.js:27628:9)
      at scheduleUpdateOnFiber (node_modules/react-dom/cjs/react-dom.development.js:25547:5)
      at setActiveJobIds (node_modules/react-dom/cjs/react-dom.development.js:16708:7)
      at pollActiveJobs (src/components/JobsList/JobsList.tsx:52:7)

    console.error
      Warning: An update to JobsList inside a test was not wrapped in act(...).
      
      When testing, code that causes React state updates should be wrapped into act(...):
      
      act(() => {
        /* fire events that update state */
      });
      /* assert on the output */
      
      This ensures that you're testing the behavior the user would see in the browser. Learn more at 
https://reactjs.org/link/wrap-tests-with-act
          at JobsList (H:\tech test\frontend\src\components\JobsList\JobsList.tsx:6:35)
          at Router (H:\tech test\frontend\node_modules\react-router\lib\components.tsx:421:13)
          at BrowserRouter (H:\tech test\frontend\node_modules\react-router-dom\index.tsx:789:3)

    [0m [90m 38 |[39m       
     [90m 39 |[39m       [90m// Update jobs list with fresh data for active jobs[39m
    [31m[1m>[22m[39m[90m 40 |[39m       setJobs(prevJobs [33m=>[39m 
     [90m    |[39m       [31m[1m^[22m[39m
     [90m 41 |[39m         prevJobs[33m.[39mmap(job [33m=>[39m {
     [90m 42 |[39m           [36mconst[39m update [33m=[39m updates[33m.[39mfind(u [33m=>[39m u[33m.[39mjobId 
[33m===[39m job[33m.[39mjobId)[33m;[39m
     [90m 43 |[39m           [36mreturn[39m update [33m||[39m job[33m;[39m[0m

      at printWarning (node_modules/react-dom/cjs/react-dom.development.js:86:30)
      at error (node_modules/react-dom/cjs/react-dom.development.js:60:7)
      at warnIfUpdatesNotWrappedWithActDEV (node_modules/react-dom/cjs/react-dom.development.js:27628:9)
      at scheduleUpdateOnFiber (node_modules/react-dom/cjs/react-dom.development.js:25547:5)
      at setJobs (node_modules/react-dom/cjs/react-dom.development.js:16708:7)
      at pollActiveJobs (src/components/JobsList/JobsList.tsx:40:7)

    console.error
      Warning: An update to JobsList inside a test was not wrapped in act(...).
      
      When testing, code that causes React state updates should be wrapped into act(...):
      
      act(() => {
        /* fire events that update state */
      });
      /* assert on the output */
      
      This ensures that you're testing the behavior the user would see in the browser. Learn more at 
https://reactjs.org/link/wrap-tests-with-act
          at JobsList (H:\tech test\frontend\src\components\JobsList\JobsList.tsx:6:35)
          at Router (H:\tech test\frontend\node_modules\react-router\lib\components.tsx:421:13)
          at BrowserRouter (H:\tech test\frontend\node_modules\react-router-dom\index.tsx:789:3)

    [0m [90m 50 |[39m         [33m.[39mmap(job [33m=>[39m job[33m.[39mjobId)[33m;[39m
     [90m 51 |[39m       
    [31m[1m>[22m[39m[90m 52 |[39m       setActiveJobIds(stillActive)[33m;[39m
     [90m    |[39m       [31m[1m^[22m[39m
     [90m 53 |[39m     } [36mcatch[39m (err) {
     [90m 54 |[39m       console[33m.[39merror([32m'Polling error:'[39m[33m,[39m err)[33m;[39m
     [90m 55 |[39m     }[0m

      at printWarning (node_modules/react-dom/cjs/react-dom.development.js:86:30)
      at error (node_modules/react-dom/cjs/react-dom.development.js:60:7)
      at warnIfUpdatesNotWrappedWithActDEV (node_modules/react-dom/cjs/react-dom.development.js:27628:9)
      at scheduleUpdateOnFiber (node_modules/react-dom/cjs/react-dom.development.js:25547:5)
      at setActiveJobIds (node_modules/react-dom/cjs/react-dom.development.js:16708:7)
      at pollActiveJobs (src/components/JobsList/JobsList.tsx:52:7)

    console.error
      Warning: An update to JobsList inside a test was not wrapped in act(...).
      
      When testing, code that causes React state updates should be wrapped into act(...):
      
      act(() => {
        /* fire events that update state */
      });
      /* assert on the output */
      
      This ensures that you're testing the behavior the user would see in the browser. Learn more at 
https://reactjs.org/link/wrap-tests-with-act
          at JobsList (H:\tech test\frontend\src\components\JobsList\JobsList.tsx:6:35)
          at Router (H:\tech test\frontend\node_modules\react-router\lib\components.tsx:421:13)
          at BrowserRouter (H:\tech test\frontend\node_modules\react-router-dom\index.tsx:789:3)

    [0m [90m 38 |[39m       
     [90m 39 |[39m       [90m// Update jobs list with fresh data for active jobs[39m
    [31m[1m>[22m[39m[90m 40 |[39m       setJobs(prevJobs [33m=>[39m 
     [90m    |[39m       [31m[1m^[22m[39m
     [90m 41 |[39m         prevJobs[33m.[39mmap(job [33m=>[39m {
     [90m 42 |[39m           [36mconst[39m update [33m=[39m updates[33m.[39mfind(u [33m=>[39m u[33m.[39mjobId 
[33m===[39m job[33m.[39mjobId)[33m;[39m
     [90m 43 |[39m           [36mreturn[39m update [33m||[39m job[33m;[39m[0m

      at printWarning (node_modules/react-dom/cjs/react-dom.development.js:86:30)
      at error (node_modules/react-dom/cjs/react-dom.development.js:60:7)
      at warnIfUpdatesNotWrappedWithActDEV (node_modules/react-dom/cjs/react-dom.development.js:27628:9)
      at scheduleUpdateOnFiber (node_modules/react-dom/cjs/react-dom.development.js:25547:5)
      at setJobs (node_modules/react-dom/cjs/react-dom.development.js:16708:7)
      at pollActiveJobs (src/components/JobsList/JobsList.tsx:40:7)

    console.error
      Warning: An update to JobsList inside a test was not wrapped in act(...).
      
      When testing, code that causes React state updates should be wrapped into act(...):
      
      act(() => {
        /* fire events that update state */
      });
      /* assert on the output */
      
      This ensures that you're testing the behavior the user would see in the browser. Learn more at 
https://reactjs.org/link/wrap-tests-with-act
          at JobsList (H:\tech test\frontend\src\components\JobsList\JobsList.tsx:6:35)
          at Router (H:\tech test\frontend\node_modules\react-router\lib\components.tsx:421:13)
          at BrowserRouter (H:\tech test\frontend\node_modules\react-router-dom\index.tsx:789:3)

    [0m [90m 50 |[39m         [33m.[39mmap(job [33m=>[39m job[33m.[39mjobId)[33m;[39m
     [90m 51 |[39m       
    [31m[1m>[22m[39m[90m 52 |[39m       setActiveJobIds(stillActive)[33m;[39m
     [90m    |[39m       [31m[1m^[22m[39m
     [90m 53 |[39m     } [36mcatch[39m (err) {
     [90m 54 |[39m       console[33m.[39merror([32m'Polling error:'[39m[33m,[39m err)[33m;[39m
     [90m 55 |[39m     }[0m

      at printWarning (node_modules/react-dom/cjs/react-dom.development.js:86:30)
      at error (node_modules/react-dom/cjs/react-dom.development.js:60:7)
      at warnIfUpdatesNotWrappedWithActDEV (node_modules/react-dom/cjs/react-dom.development.js:27628:9)
      at scheduleUpdateOnFiber (node_modules/react-dom/cjs/react-dom.development.js:25547:5)
      at setActiveJobIds (node_modules/react-dom/cjs/react-dom.development.js:16708:7)
      at pollActiveJobs (src/components/JobsList/JobsList.tsx:52:7)

    console.error
      Warning: An update to JobsList inside a test was not wrapped in act(...).
      
      When testing, code that causes React state updates should be wrapped into act(...):
      
      act(() => {
        /* fire events that update state */
      });
      /* assert on the output */
      
      This ensures that you're testing the behavior the user would see in the browser. Learn more at 
https://reactjs.org/link/wrap-tests-with-act
          at JobsList (H:\tech test\frontend\src\components\JobsList\JobsList.tsx:6:35)
          at Router (H:\tech test\frontend\node_modules\react-router\lib\components.tsx:421:13)
          at BrowserRouter (H:\tech test\frontend\node_modules\react-router-dom\index.tsx:789:3)

    [0m [90m 38 |[39m       
     [90m 39 |[39m       [90m// Update jobs list with fresh data for active jobs[39m
    [31m[1m>[22m[39m[90m 40 |[39m       setJobs(prevJobs [33m=>[39m 
     [90m    |[39m       [31m[1m^[22m[39m
     [90m 41 |[39m         prevJobs[33m.[39mmap(job [33m=>[39m {
     [90m 42 |[39m           [36mconst[39m update [33m=[39m updates[33m.[39mfind(u [33m=>[39m u[33m.[39mjobId 
[33m===[39m job[33m.[39mjobId)[33m;[39m
     [90m 43 |[39m           [36mreturn[39m update [33m||[39m job[33m;[39m[0m

      at printWarning (node_modules/react-dom/cjs/react-dom.development.js:86:30)
      at error (node_modules/react-dom/cjs/react-dom.development.js:60:7)
      at warnIfUpdatesNotWrappedWithActDEV (node_modules/react-dom/cjs/react-dom.development.js:27628:9)
      at scheduleUpdateOnFiber (node_modules/react-dom/cjs/react-dom.development.js:25547:5)
      at setJobs (node_modules/react-dom/cjs/react-dom.development.js:16708:7)
      at pollActiveJobs (src/components/JobsList/JobsList.tsx:40:7)

    console.error
      Polling error: TypeError: Cannot read properties of undefined (reading 'status')
          at filter (H:\tech test\frontend\src\components\JobsList\JobsList.tsx:49:28)
          at Array.filter (<anonymous>)
          at pollActiveJobs (H:\tech test\frontend\src\components\JobsList\JobsList.tsx:49:10)

    [0m [90m 52 |[39m       setActiveJobIds(stillActive)[33m;[39m
     [90m 53 |[39m     } [36mcatch[39m (err) {
    [31m[1m>[22m[39m[90m 54 |[39m       console[33m.[39merror([32m'Polling error:'[39m[33m,[39m err)[33m;[39m
     [90m    |[39m               [31m[1m^[22m[39m
     [90m 55 |[39m     }
     [90m 56 |[39m   }[33m;[39m
     [90m 57 |[39m[0m

      at pollActiveJobs (src/components/JobsList/JobsList.tsx:54:15)

  ÔùÅ JobsList Component ÔÇ║ stops polling when job completes

    thrown: "Exceeded timeout of 5000 ms for a test.
    Use jest.setTimeout(newTimeout) to increase the timeout value, if this is a long-running test."

    [0m [90m 152 |[39m   })[33m;[39m
     [90m 153 |[39m
    [31m[1m>[22m[39m[90m 154 |[39m   test([32m'stops polling when job completes'[39m[33m,[39m [36masync[39m () 
[33m=>[39m {
     [90m     |[39m   [31m[1m^[22m[39m
     [90m 155 |[39m     [36mconst[39m runningJob [33m=[39m {
     [90m 156 |[39m       [33m...[39mmockJobs[[35m1[39m][33m,[39m
     [90m 157 |[39m       status[33m:[39m [32m'Running'[39m[33m,[39m[0m

      at src/components/JobsList/JobsList.test.tsx:154:3
      at Object.<anonymous> (src/components/JobsList/JobsList.test.tsx:51:1)

Test Suites: 2 failed, 4 passed, 6 total
Tests:       2 failed, 43 passed, 45 total
Snapshots:   0 total
Time:        7.599 s
Ran all test suites.
