
> import-service-frontend@0.1.0 test
> react-scripts test --watchAll=false --verbose

  console.error
    Warning: `ReactDOMTestUtils.act` is deprecated in favor of `React.act`. Import `act` from `react` instead of `react-dom/test-utils`. See https://react.dev/warnings/react-dom-test-utils for more info.

    [0m [90m 24 |[39m
     [90m 25 |[39m   [36mconst[39m renderRegister [33m=[39m () [33m=>[39m {
    [31m[1m>[22m[39m[90m 26 |[39m     [36mreturn[39m render(
     [90m    |[39m                  [31m[1m^[22m[39m
     [90m 27 |[39m       [33m<[39m[33mBrowserRouter[39m[33m>[39m
     [90m 28 |[39m         [33m<[39m[33mRegister[39m [33m/[39m[33m>[39m
     [90m 29 |[39m       [33m<[39m[33m/[39m[33mBrowserRouter[39m[33m>[39m[0m

      at printWarning (node_modules/react-dom/cjs/react-dom-test-utils.development.js:71:30)
      at error (node_modules/react-dom/cjs/react-dom-test-utils.development.js:45:7)
      at actWithWarning (node_modules/react-dom/cjs/react-dom-test-utils.development.js:1736:7)
      at node_modules/@testing-library/react/dist/act-compat.js:63:25
      at renderRoot (node_modules/@testing-library/react/dist/pure.js:159:26)
      at render (node_modules/@testing-library/react/dist/pure.js:246:10)
      at renderRegister (src/components/auth/Register.test.tsx:26:18)
      at Object.<anonymous> (src/components/auth/Register.test.tsx:34:5)

  console.error
    Warning: `ReactDOMTestUtils.act` is deprecated in favor of `React.act`. Import `act` from `react` instead of `react-dom/test-utils`. See https://react.dev/warnings/react-dom-test-utils for more info.

    [0m [90m 22 |[39m     (authUtils[33m.[39misAuthenticated [36mas[39m jest[33m.[39m[33mMock[39m)[33m.[39mmockReturnValue(isAuthenticated)[33m;[39m
     [90m 23 |[39m
    [31m[1m>[22m[39m[90m 24 |[39m     [36mreturn[39m render(
     [90m    |[39m                  [31m[1m^[22m[39m
     [90m 25 |[39m       [33m<[39m[33mBrowserRouter[39m[33m>[39m
     [90m 26 |[39m         [33m<[39m[33mRoutes[39m[33m>[39m
     [90m 27 |[39m           [33m<[39m[33mRoute[39m path[33m=[39m[32m"/login"[39m element[33m=[39m{[33m<[39m[33mTestLoginComponent[39m [35m/>} /[39m[33m>[39m[0m

      at printWarning (node_modules/react-dom/cjs/react-dom-test-utils.development.js:71:30)
      at error (node_modules/react-dom/cjs/react-dom-test-utils.development.js:45:7)
      at actWithWarning (node_modules/react-dom/cjs/react-dom-test-utils.development.js:1736:7)
      at node_modules/@testing-library/react/dist/act-compat.js:63:25
      at renderRoot (node_modules/@testing-library/react/dist/pure.js:159:26)
      at render (node_modules/@testing-library/react/dist/pure.js:246:10)
      at renderWithRouter (src/components/ProtectedRoute.test.tsx:24:18)
      at Object.<anonymous> (src/components/ProtectedRoute.test.tsx:42:5)

  console.error
    Warning: `ReactDOMTestUtils.act` is deprecated in favor of `React.act`. Import `act` from `react` instead of `react-dom/test-utils`. See https://react.dev/warnings/react-dom-test-utils for more info.

    [0m [90m 24 |[39m
     [90m 25 |[39m   [36mconst[39m renderLogin [33m=[39m () [33m=>[39m {
    [31m[1m>[22m[39m[90m 26 |[39m     [36mreturn[39m render(
     [90m    |[39m                  [31m[1m^[22m[39m
     [90m 27 |[39m       [33m<[39m[33mBrowserRouter[39m[33m>[39m
     [90m 28 |[39m         [33m<[39m[33mLogin[39m [33m/[39m[33m>[39m
     [90m 29 |[39m       [33m<[39m[33m/[39m[33mBrowserRouter[39m[33m>[39m[0m

      at printWarning (node_modules/react-dom/cjs/react-dom-test-utils.development.js:71:30)
      at error (node_modules/react-dom/cjs/react-dom-test-utils.development.js:45:7)
      at actWithWarning (node_modules/react-dom/cjs/react-dom-test-utils.development.js:1736:7)
      at node_modules/@testing-library/react/dist/act-compat.js:63:25
      at renderRoot (node_modules/@testing-library/react/dist/pure.js:159:26)
      at render (node_modules/@testing-library/react/dist/pure.js:246:10)
      at renderLogin (src/components/auth/Login.test.tsx:26:18)
      at Object.<anonymous> (src/components/auth/Login.test.tsx:34:5)

  console.error
    Warning: `ReactDOMTestUtils.act` is deprecated in favor of `React.act`. Import `act` from `react` instead of `react-dom/test-utils`. See https://react.dev/warnings/react-dom-test-utils for more info.

    [0m [90m 43 |[39m
     [90m 44 |[39m   [36mconst[39m renderDashboard [33m=[39m () [33m=>[39m {
    [31m[1m>[22m[39m[90m 45 |[39m     [36mreturn[39m render(
     [90m    |[39m                  [31m[1m^[22m[39m
     [90m 46 |[39m       [33m<[39m[33mBrowserRouter[39m[33m>[39m
     [90m 47 |[39m         [33m<[39m[33mDashboard[39m [33m/[39m[33m>[39m
     [90m 48 |[39m       [33m<[39m[33m/[39m[33mBrowserRouter[39m[33m>[39m[0m

      at printWarning (node_modules/react-dom/cjs/react-dom-test-utils.development.js:71:30)
      at error (node_modules/react-dom/cjs/react-dom-test-utils.development.js:45:7)
      at actWithWarning (node_modules/react-dom/cjs/react-dom-test-utils.development.js:1736:7)
      at node_modules/@testing-library/react/dist/act-compat.js:63:25
      at renderRoot (node_modules/@testing-library/react/dist/pure.js:159:26)
      at render (node_modules/@testing-library/react/dist/pure.js:246:10)
      at renderDashboard (src/components/Dashboard/Dashboard.test.tsx:45:18)
      at Object.<anonymous> (src/components/Dashboard/Dashboard.test.tsx:55:5)

  console.error
    Warning: `ReactDOMTestUtils.act` is deprecated in favor of `React.act`. Import `act` from `react` instead of `react-dom/test-utils`. See https://react.dev/warnings/react-dom-test-utils for more info.

    [0m [90m 24 |[39m
     [90m 25 |[39m   [36mconst[39m renderOnboarding [33m=[39m () [33m=>[39m {
    [31m[1m>[22m[39m[90m 26 |[39m     [36mreturn[39m render(
     [90m    |[39m                  [31m[1m^[22m[39m
     [90m 27 |[39m       [33m<[39m[33mBrowserRouter[39m[33m>[39m
     [90m 28 |[39m         [33m<[39m[33mOnboarding[39m [33m/[39m[33m>[39m
     [90m 29 |[39m       [33m<[39m[33m/[39m[33mBrowserRouter[39m[33m>[39m[0m

      at printWarning (node_modules/react-dom/cjs/react-dom-test-utils.development.js:71:30)
      at error (node_modules/react-dom/cjs/react-dom-test-utils.development.js:45:7)
      at actWithWarning (node_modules/react-dom/cjs/react-dom-test-utils.development.js:1736:7)
      at node_modules/@testing-library/react/dist/act-compat.js:63:25
      at renderRoot (node_modules/@testing-library/react/dist/pure.js:159:26)
      at render (node_modules/@testing-library/react/dist/pure.js:246:10)
      at renderOnboarding (src/components/Onboarding/Onboarding.test.tsx:26:18)
      at Object.<anonymous> (src/components/Onboarding/Onboarding.test.tsx:34:5)

  console.error
    Warning: `ReactDOMTestUtils.act` is deprecated in favor of `React.act`. Import `act` from `react` instead of `react-dom/test-utils`. See https://react.dev/warnings/react-dom-test-utils for more info.

    [0m [90m 61 |[39m
     [90m 62 |[39m   [36mconst[39m renderJobsList [33m=[39m () [33m=>[39m {
    [31m[1m>[22m[39m[90m 63 |[39m     [36mreturn[39m render(
     [90m    |[39m                  [31m[1m^[22m[39m
     [90m 64 |[39m       [33m<[39m[33mBrowserRouter[39m[33m>[39m
     [90m 65 |[39m         [33m<[39m[33mJobsList[39m [33m/[39m[33m>[39m
     [90m 66 |[39m       [33m<[39m[33m/[39m[33mBrowserRouter[39m[33m>[39m[0m

      at printWarning (node_modules/react-dom/cjs/react-dom-test-utils.development.js:71:30)
      at error (node_modules/react-dom/cjs/react-dom-test-utils.development.js:45:7)
      at actWithWarning (node_modules/react-dom/cjs/react-dom-test-utils.development.js:1736:7)
      at node_modules/@testing-library/react/dist/act-compat.js:63:25
      at renderRoot (node_modules/@testing-library/react/dist/pure.js:159:26)
      at render (node_modules/@testing-library/react/dist/pure.js:246:10)
      at renderJobsList (src/components/JobsList/JobsList.test.tsx:63:18)
      at Object.<anonymous> (src/components/JobsList/JobsList.test.tsx:73:5)

  console.warn
    ÔÜá´©Å React Router Future Flag Warning: React Router will begin wrapping state updates in `React.startTransition` in v7. You can use the `v7_startTransition` future flag to opt-in early. For more information, see https://reactrouter.com/v6/upgrading/future#v7_starttransition.

    [0m [90m 22 |[39m     (authUtils[33m.[39misAuthenticated [36mas[39m jest[33m.[39m[33mMock[39m)[33m.[39mmockReturnValue(isAuthenticated)[33m;[39m
     [90m 23 |[39m
    [31m[1m>[22m[39m[90m 24 |[39m     [36mreturn[39m render(
     [90m    |[39m                  [31m[1m^[22m[39m
     [90m 25 |[39m       [33m<[39m[33mBrowserRouter[39m[33m>[39m
     [90m 26 |[39m         [33m<[39m[33mRoutes[39m[33m>[39m
     [90m 27 |[39m           [33m<[39m[33mRoute[39m path[33m=[39m[32m"/login"[39m element[33m=[39m{[33m<[39m[33mTestLoginComponent[39m [35m/>} /[39m[33m>[39m[0m

      at warnOnce (node_modules/react-router/lib/deprecations.ts:9:13)
      at logDeprecation (node_modules/react-router/lib/deprecations.ts:14:3)
      at Object.logV6DeprecationWarnings [as UNSAFE_logV6DeprecationWarnings] (node_modules/react-router/lib/deprecations.ts:26:5)
      at node_modules/react-router-dom/index.tsx:816:25
      at commitHookEffectListMount (node_modules/react-dom/cjs/react-dom.development.js:23189:26)
      at commitPassiveMountOnFiber (node_modules/react-dom/cjs/react-dom.development.js:24970:11)
      at commitPassiveMountEffects_complete (node_modules/react-dom/cjs/react-dom.development.js:24930:9)
      at commitPassiveMountEffects_begin (node_modules/react-dom/cjs/react-dom.development.js:24917:7)
      at commitPassiveMountEffects (node_modules/react-dom/cjs/react-dom.development.js:24905:3)
      at flushPassiveEffectsImpl (node_modules/react-dom/cjs/react-dom.development.js:27078:3)
      at flushPassiveEffects (node_modules/react-dom/cjs/react-dom.development.js:27023:14)
      at node_modules/react-dom/cjs/react-dom.development.js:26808:9
      at flushActQueue (node_modules/react/cjs/react.development.js:2667:24)
      at act (node_modules/react/cjs/react.development.js:2582:11)
      at actWithWarning (node_modules/react-dom/cjs/react-dom-test-utils.development.js:1740:10)
      at node_modules/@testing-library/react/dist/act-compat.js:63:25
      at renderRoot (node_modules/@testing-library/react/dist/pure.js:159:26)
      at render (node_modules/@testing-library/react/dist/pure.js:246:10)
      at renderWithRouter (src/components/ProtectedRoute.test.tsx:24:18)
      at Object.<anonymous> (src/components/ProtectedRoute.test.tsx:42:5)

  console.warn
    ÔÜá´©Å React Router Future Flag Warning: Relative route resolution within Splat routes is changing in v7. You can use the `v7_relativeSplatPath` future flag to opt-in early. For more information, see https://reactrouter.com/v6/upgrading/future#v7_relativesplatpath.

    [0m [90m 22 |[39m     (authUtils[33m.[39misAuthenticated [36mas[39m jest[33m.[39m[33mMock[39m)[33m.[39mmockReturnValue(isAuthenticated)[33m;[39m
     [90m 23 |[39m
    [31m[1m>[22m[39m[90m 24 |[39m     [36mreturn[39m render(
     [90m    |[39m                  [31m[1m^[22m[39m
     [90m 25 |[39m       [33m<[39m[33mBrowserRouter[39m[33m>[39m
     [90m 26 |[39m         [33m<[39m[33mRoutes[39m[33m>[39m
     [90m 27 |[39m           [33m<[39m[33mRoute[39m path[33m=[39m[32m"/login"[39m element[33m=[39m{[33m<[39m[33mTestLoginComponent[39m [35m/>} /[39m[33m>[39m[0m

      at warnOnce (node_modules/react-router/lib/deprecations.ts:9:13)
      at logDeprecation (node_modules/react-router/lib/deprecations.ts:14:3)
      at Object.logV6DeprecationWarnings [as UNSAFE_logV6DeprecationWarnings] (node_modules/react-router/lib/deprecations.ts:37:5)
      at node_modules/react-router-dom/index.tsx:816:25
      at commitHookEffectListMount (node_modules/react-dom/cjs/react-dom.development.js:23189:26)
      at commitPassiveMountOnFiber (node_modules/react-dom/cjs/react-dom.development.js:24970:11)
      at commitPassiveMountEffects_complete (node_modules/react-dom/cjs/react-dom.development.js:24930:9)
      at commitPassiveMountEffects_begin (node_modules/react-dom/cjs/react-dom.development.js:24917:7)
      at commitPassiveMountEffects (node_modules/react-dom/cjs/react-dom.development.js:24905:3)
      at flushPassiveEffectsImpl (node_modules/react-dom/cjs/react-dom.development.js:27078:3)
      at flushPassiveEffects (node_modules/react-dom/cjs/react-dom.development.js:27023:14)
      at node_modules/react-dom/cjs/react-dom.development.js:26808:9
      at flushActQueue (node_modules/react/cjs/react.development.js:2667:24)
      at act (node_modules/react/cjs/react.development.js:2582:11)
      at actWithWarning (node_modules/react-dom/cjs/react-dom-test-utils.development.js:1740:10)
      at node_modules/@testing-library/react/dist/act-compat.js:63:25
      at renderRoot (node_modules/@testing-library/react/dist/pure.js:159:26)
      at render (node_modules/@testing-library/react/dist/pure.js:246:10)
      at renderWithRouter (src/components/ProtectedRoute.test.tsx:24:18)
      at Object.<anonymous> (src/components/ProtectedRoute.test.tsx:42:5)

  console.warn
    ÔÜá´©Å React Router Future Flag Warning: React Router will begin wrapping state updates in `React.startTransition` in v7. You can use the `v7_startTransition` future flag to opt-in early. For more information, see https://reactrouter.com/v6/upgrading/future#v7_starttransition.

    [0m [90m 24 |[39m
     [90m 25 |[39m   [36mconst[39m renderRegister [33m=[39m () [33m=>[39m {
    [31m[1m>[22m[39m[90m 26 |[39m     [36mreturn[39m render(
     [90m    |[39m                  [31m[1m^[22m[39m
     [90m 27 |[39m       [33m<[39m[33mBrowserRouter[39m[33m>[39m
     [90m 28 |[39m         [33m<[39m[33mRegister[39m [33m/[39m[33m>[39m
     [90m 29 |[39m       [33m<[39m[33m/[39m[33mBrowserRouter[39m[33m>[39m[0m

      at warnOnce (node_modules/react-router/lib/deprecations.ts:9:13)
      at logDeprecation (node_modules/react-router/lib/deprecations.ts:14:3)
      at Object.logV6DeprecationWarnings [as UNSAFE_logV6DeprecationWarnings] (node_modules/react-router/lib/deprecations.ts:26:5)
      at node_modules/react-router-dom/index.tsx:816:25
      at commitHookEffectListMount (node_modules/react-dom/cjs/react-dom.development.js:23189:26)
      at commitPassiveMountOnFiber (node_modules/react-dom/cjs/react-dom.development.js:24970:11)
      at commitPassiveMountEffects_complete (node_modules/react-dom/cjs/react-dom.development.js:24930:9)
      at commitPassiveMountEffects_begin (node_modules/react-dom/cjs/react-dom.development.js:24917:7)
      at commitPassiveMountEffects (node_modules/react-dom/cjs/react-dom.development.js:24905:3)
      at flushPassiveEffectsImpl (node_modules/react-dom/cjs/react-dom.development.js:27078:3)
      at flushPassiveEffects (node_modules/react-dom/cjs/react-dom.development.js:27023:14)
      at node_modules/react-dom/cjs/react-dom.development.js:26808:9
      at flushActQueue (node_modules/react/cjs/react.development.js:2667:24)
      at act (node_modules/react/cjs/react.development.js:2582:11)
      at actWithWarning (node_modules/react-dom/cjs/react-dom-test-utils.development.js:1740:10)
      at node_modules/@testing-library/react/dist/act-compat.js:63:25
      at renderRoot (node_modules/@testing-library/react/dist/pure.js:159:26)
      at render (node_modules/@testing-library/react/dist/pure.js:246:10)
      at renderRegister (src/components/auth/Register.test.tsx:26:18)
      at Object.<anonymous> (src/components/auth/Register.test.tsx:34:5)

  console.warn
    ÔÜá´©Å React Router Future Flag Warning: Relative route resolution within Splat routes is changing in v7. You can use the `v7_relativeSplatPath` future flag to opt-in early. For more information, see https://reactrouter.com/v6/upgrading/future#v7_relativesplatpath.

    [0m [90m 24 |[39m
     [90m 25 |[39m   [36mconst[39m renderRegister [33m=[39m () [33m=>[39m {
    [31m[1m>[22m[39m[90m 26 |[39m     [36mreturn[39m render(
     [90m    |[39m                  [31m[1m^[22m[39m
     [90m 27 |[39m       [33m<[39m[33mBrowserRouter[39m[33m>[39m
     [90m 28 |[39m         [33m<[39m[33mRegister[39m [33m/[39m[33m>[39m
     [90m 29 |[39m       [33m<[39m[33m/[39m[33mBrowserRouter[39m[33m>[39m[0m

      at warnOnce (node_modules/react-router/lib/deprecations.ts:9:13)
      at logDeprecation (node_modules/react-router/lib/deprecations.ts:14:3)
      at Object.logV6DeprecationWarnings [as UNSAFE_logV6DeprecationWarnings] (node_modules/react-router/lib/deprecations.ts:37:5)
      at node_modules/react-router-dom/index.tsx:816:25
      at commitHookEffectListMount (node_modules/react-dom/cjs/react-dom.development.js:23189:26)
      at commitPassiveMountOnFiber (node_modules/react-dom/cjs/react-dom.development.js:24970:11)
      at commitPassiveMountEffects_complete (node_modules/react-dom/cjs/react-dom.development.js:24930:9)
      at commitPassiveMountEffects_begin (node_modules/react-dom/cjs/react-dom.development.js:24917:7)
      at commitPassiveMountEffects (node_modules/react-dom/cjs/react-dom.development.js:24905:3)
      at flushPassiveEffectsImpl (node_modules/react-dom/cjs/react-dom.development.js:27078:3)
      at flushPassiveEffects (node_modules/react-dom/cjs/react-dom.development.js:27023:14)
      at node_modules/react-dom/cjs/react-dom.development.js:26808:9
      at flushActQueue (node_modules/react/cjs/react.development.js:2667:24)
      at act (node_modules/react/cjs/react.development.js:2582:11)
      at actWithWarning (node_modules/react-dom/cjs/react-dom-test-utils.development.js:1740:10)
      at node_modules/@testing-library/react/dist/act-compat.js:63:25
      at renderRoot (node_modules/@testing-library/react/dist/pure.js:159:26)
      at render (node_modules/@testing-library/react/dist/pure.js:246:10)
      at renderRegister (src/components/auth/Register.test.tsx:26:18)
      at Object.<anonymous> (src/components/auth/Register.test.tsx:34:5)

  console.warn
    ÔÜá´©Å React Router Future Flag Warning: React Router will begin wrapping state updates in `React.startTransition` in v7. You can use the `v7_startTransition` future flag to opt-in early. For more information, see https://reactrouter.com/v6/upgrading/future#v7_starttransition.

    [0m [90m 24 |[39m
     [90m 25 |[39m   [36mconst[39m renderLogin [33m=[39m () [33m=>[39m {
    [31m[1m>[22m[39m[90m 26 |[39m     [36mreturn[39m render(
     [90m    |[39m                  [31m[1m^[22m[39m
     [90m 27 |[39m       [33m<[39m[33mBrowserRouter[39m[33m>[39m
     [90m 28 |[39m         [33m<[39m[33mLogin[39m [33m/[39m[33m>[39m
     [90m 29 |[39m       [33m<[39m[33m/[39m[33mBrowserRouter[39m[33m>[39m[0m

      at warnOnce (node_modules/react-router/lib/deprecations.ts:9:13)
      at logDeprecation (node_modules/react-router/lib/deprecations.ts:14:3)
      at Object.logV6DeprecationWarnings [as UNSAFE_logV6DeprecationWarnings] (node_modules/react-router/lib/deprecations.ts:26:5)
      at node_modules/react-router-dom/index.tsx:816:25
      at commitHookEffectListMount (node_modules/react-dom/cjs/react-dom.development.js:23189:26)
      at commitPassiveMountOnFiber (node_modules/react-dom/cjs/react-dom.development.js:24970:11)
      at commitPassiveMountEffects_complete (node_modules/react-dom/cjs/react-dom.development.js:24930:9)
      at commitPassiveMountEffects_begin (node_modules/react-dom/cjs/react-dom.development.js:24917:7)
      at commitPassiveMountEffects (node_modules/react-dom/cjs/react-dom.development.js:24905:3)
      at flushPassiveEffectsImpl (node_modules/react-dom/cjs/react-dom.development.js:27078:3)
      at flushPassiveEffects (node_modules/react-dom/cjs/react-dom.development.js:27023:14)
      at node_modules/react-dom/cjs/react-dom.development.js:26808:9
      at flushActQueue (node_modules/react/cjs/react.development.js:2667:24)
      at act (node_modules/react/cjs/react.development.js:2582:11)
      at actWithWarning (node_modules/react-dom/cjs/react-dom-test-utils.development.js:1740:10)
      at node_modules/@testing-library/react/dist/act-compat.js:63:25
      at renderRoot (node_modules/@testing-library/react/dist/pure.js:159:26)
      at render (node_modules/@testing-library/react/dist/pure.js:246:10)
      at renderLogin (src/components/auth/Login.test.tsx:26:18)
      at Object.<anonymous> (src/components/auth/Login.test.tsx:34:5)

  console.warn
    ÔÜá´©Å React Router Future Flag Warning: Relative route resolution within Splat routes is changing in v7. You can use the `v7_relativeSplatPath` future flag to opt-in early. For more information, see https://reactrouter.com/v6/upgrading/future#v7_relativesplatpath.

    [0m [90m 24 |[39m
     [90m 25 |[39m   [36mconst[39m renderLogin [33m=[39m () [33m=>[39m {
    [31m[1m>[22m[39m[90m 26 |[39m     [36mreturn[39m render(
     [90m    |[39m                  [31m[1m^[22m[39m
     [90m 27 |[39m       [33m<[39m[33mBrowserRouter[39m[33m>[39m
     [90m 28 |[39m         [33m<[39m[33mLogin[39m [33m/[39m[33m>[39m
     [90m 29 |[39m       [33m<[39m[33m/[39m[33mBrowserRouter[39m[33m>[39m[0m

      at warnOnce (node_modules/react-router/lib/deprecations.ts:9:13)
      at logDeprecation (node_modules/react-router/lib/deprecations.ts:14:3)
      at Object.logV6DeprecationWarnings [as UNSAFE_logV6DeprecationWarnings] (node_modules/react-router/lib/deprecations.ts:37:5)
      at node_modules/react-router-dom/index.tsx:816:25
      at commitHookEffectListMount (node_modules/react-dom/cjs/react-dom.development.js:23189:26)
      at commitPassiveMountOnFiber (node_modules/react-dom/cjs/react-dom.development.js:24970:11)
      at commitPassiveMountEffects_complete (node_modules/react-dom/cjs/react-dom.development.js:24930:9)
      at commitPassiveMountEffects_begin (node_modules/react-dom/cjs/react-dom.development.js:24917:7)
      at commitPassiveMountEffects (node_modules/react-dom/cjs/react-dom.development.js:24905:3)
      at flushPassiveEffectsImpl (node_modules/react-dom/cjs/react-dom.development.js:27078:3)
      at flushPassiveEffects (node_modules/react-dom/cjs/react-dom.development.js:27023:14)
      at node_modules/react-dom/cjs/react-dom.development.js:26808:9
      at flushActQueue (node_modules/react/cjs/react.development.js:2667:24)
      at act (node_modules/react/cjs/react.development.js:2582:11)
      at actWithWarning (node_modules/react-dom/cjs/react-dom-test-utils.development.js:1740:10)
      at node_modules/@testing-library/react/dist/act-compat.js:63:25
      at renderRoot (node_modules/@testing-library/react/dist/pure.js:159:26)
      at render (node_modules/@testing-library/react/dist/pure.js:246:10)
      at renderLogin (src/components/auth/Login.test.tsx:26:18)
      at Object.<anonymous> (src/components/auth/Login.test.tsx:34:5)

  console.warn
    ÔÜá´©Å React Router Future Flag Warning: React Router will begin wrapping state updates in `React.startTransition` in v7. You can use the `v7_startTransition` future flag to opt-in early. For more information, see https://reactrouter.com/v6/upgrading/future#v7_starttransition.

    [0m [90m 43 |[39m
     [90m 44 |[39m   [36mconst[39m renderDashboard [33m=[39m () [33m=>[39m {
    [31m[1m>[22m[39m[90m 45 |[39m     [36mreturn[39m render(
     [90m    |[39m                  [31m[1m^[22m[39m
     [90m 46 |[39m       [33m<[39m[33mBrowserRouter[39m[33m>[39m
     [90m 47 |[39m         [33m<[39m[33mDashboard[39m [33m/[39m[33m>[39m
     [90m 48 |[39m       [33m<[39m[33m/[39m[33mBrowserRouter[39m[33m>[39m[0m

      at warnOnce (node_modules/react-router/lib/deprecations.ts:9:13)
      at logDeprecation (node_modules/react-router/lib/deprecations.ts:14:3)
      at Object.logV6DeprecationWarnings [as UNSAFE_logV6DeprecationWarnings] (node_modules/react-router/lib/deprecations.ts:26:5)
      at node_modules/react-router-dom/index.tsx:816:25
      at commitHookEffectListMount (node_modules/react-dom/cjs/react-dom.development.js:23189:26)
      at commitPassiveMountOnFiber (node_modules/react-dom/cjs/react-dom.development.js:24970:11)
      at commitPassiveMountEffects_complete (node_modules/react-dom/cjs/react-dom.development.js:24930:9)
      at commitPassiveMountEffects_begin (node_modules/react-dom/cjs/react-dom.development.js:24917:7)
      at commitPassiveMountEffects (node_modules/react-dom/cjs/react-dom.development.js:24905:3)
      at flushPassiveEffectsImpl (node_modules/react-dom/cjs/react-dom.development.js:27078:3)
      at flushPassiveEffects (node_modules/react-dom/cjs/react-dom.development.js:27023:14)
      at node_modules/react-dom/cjs/react-dom.development.js:26808:9
      at flushActQueue (node_modules/react/cjs/react.development.js:2667:24)
      at act (node_modules/react/cjs/react.development.js:2582:11)
      at actWithWarning (node_modules/react-dom/cjs/react-dom-test-utils.development.js:1740:10)
      at node_modules/@testing-library/react/dist/act-compat.js:63:25
      at renderRoot (node_modules/@testing-library/react/dist/pure.js:159:26)
      at render (node_modules/@testing-library/react/dist/pure.js:246:10)
      at renderDashboard (src/components/Dashboard/Dashboard.test.tsx:45:18)
      at Object.<anonymous> (src/components/Dashboard/Dashboard.test.tsx:55:5)

  console.warn
    ÔÜá´©Å React Router Future Flag Warning: Relative route resolution within Splat routes is changing in v7. You can use the `v7_relativeSplatPath` future flag to opt-in early. For more information, see https://reactrouter.com/v6/upgrading/future#v7_relativesplatpath.

    [0m [90m 43 |[39m
     [90m 44 |[39m   [36mconst[39m renderDashboard [33m=[39m () [33m=>[39m {
    [31m[1m>[22m[39m[90m 45 |[39m     [36mreturn[39m render(
     [90m    |[39m                  [31m[1m^[22m[39m
     [90m 46 |[39m       [33m<[39m[33mBrowserRouter[39m[33m>[39m
     [90m 47 |[39m         [33m<[39m[33mDashboard[39m [33m/[39m[33m>[39m
     [90m 48 |[39m       [33m<[39m[33m/[39m[33mBrowserRouter[39m[33m>[39m[0m

      at warnOnce (node_modules/react-router/lib/deprecations.ts:9:13)
      at logDeprecation (node_modules/react-router/lib/deprecations.ts:14:3)
      at Object.logV6DeprecationWarnings [as UNSAFE_logV6DeprecationWarnings] (node_modules/react-router/lib/deprecations.ts:37:5)
      at node_modules/react-router-dom/index.tsx:816:25
      at commitHookEffectListMount (node_modules/react-dom/cjs/react-dom.development.js:23189:26)
      at commitPassiveMountOnFiber (node_modules/react-dom/cjs/react-dom.development.js:24970:11)
      at commitPassiveMountEffects_complete (node_modules/react-dom/cjs/react-dom.development.js:24930:9)
      at commitPassiveMountEffects_begin (node_modules/react-dom/cjs/react-dom.development.js:24917:7)
      at commitPassiveMountEffects (node_modules/react-dom/cjs/react-dom.development.js:24905:3)
      at flushPassiveEffectsImpl (node_modules/react-dom/cjs/react-dom.development.js:27078:3)
      at flushPassiveEffects (node_modules/react-dom/cjs/react-dom.development.js:27023:14)
      at node_modules/react-dom/cjs/react-dom.development.js:26808:9
      at flushActQueue (node_modules/react/cjs/react.development.js:2667:24)
      at act (node_modules/react/cjs/react.development.js:2582:11)
      at actWithWarning (node_modules/react-dom/cjs/react-dom-test-utils.development.js:1740:10)
      at node_modules/@testing-library/react/dist/act-compat.js:63:25
      at renderRoot (node_modules/@testing-library/react/dist/pure.js:159:26)
      at render (node_modules/@testing-library/react/dist/pure.js:246:10)
      at renderDashboard (src/components/Dashboard/Dashboard.test.tsx:45:18)
      at Object.<anonymous> (src/components/Dashboard/Dashboard.test.tsx:55:5)

  console.warn
    ÔÜá´©Å React Router Future Flag Warning: React Router will begin wrapping state updates in `React.startTransition` in v7. You can use the `v7_startTransition` future flag to opt-in early. For more information, see https://reactrouter.com/v6/upgrading/future#v7_starttransition.

    [0m [90m 61 |[39m
     [90m 62 |[39m   [36mconst[39m renderJobsList [33m=[39m () [33m=>[39m {
    [31m[1m>[22m[39m[90m 63 |[39m     [36mreturn[39m render(
     [90m    |[39m                  [31m[1m^[22m[39m
     [90m 64 |[39m       [33m<[39m[33mBrowserRouter[39m[33m>[39m
     [90m 65 |[39m         [33m<[39m[33mJobsList[39m [33m/[39m[33m>[39m
     [90m 66 |[39m       [33m<[39m[33m/[39m[33mBrowserRouter[39m[33m>[39m[0m

      at warnOnce (node_modules/react-router/lib/deprecations.ts:9:13)
      at logDeprecation (node_modules/react-router/lib/deprecations.ts:14:3)
      at Object.logV6DeprecationWarnings [as UNSAFE_logV6DeprecationWarnings] (node_modules/react-router/lib/deprecations.ts:26:5)
      at node_modules/react-router-dom/index.tsx:816:25
      at commitHookEffectListMount (node_modules/react-dom/cjs/react-dom.development.js:23189:26)
      at commitPassiveMountOnFiber (node_modules/react-dom/cjs/react-dom.development.js:24970:11)
      at commitPassiveMountEffects_complete (node_modules/react-dom/cjs/react-dom.development.js:24930:9)
      at commitPassiveMountEffects_begin (node_modules/react-dom/cjs/react-dom.development.js:24917:7)
      at commitPassiveMountEffects (node_modules/react-dom/cjs/react-dom.development.js:24905:3)
      at flushPassiveEffectsImpl (node_modules/react-dom/cjs/react-dom.development.js:27078:3)
      at flushPassiveEffects (node_modules/react-dom/cjs/react-dom.development.js:27023:14)
      at node_modules/react-dom/cjs/react-dom.development.js:26808:9
      at flushActQueue (node_modules/react/cjs/react.development.js:2667:24)
      at act (node_modules/react/cjs/react.development.js:2582:11)
      at actWithWarning (node_modules/react-dom/cjs/react-dom-test-utils.development.js:1740:10)
      at node_modules/@testing-library/react/dist/act-compat.js:63:25
      at renderRoot (node_modules/@testing-library/react/dist/pure.js:159:26)
      at render (node_modules/@testing-library/react/dist/pure.js:246:10)
      at renderJobsList (src/components/JobsList/JobsList.test.tsx:63:18)
      at Object.<anonymous> (src/components/JobsList/JobsList.test.tsx:73:5)

  console.warn
    ÔÜá´©Å React Router Future Flag Warning: React Router will begin wrapping state updates in `React.startTransition` in v7. You can use the `v7_startTransition` future flag to opt-in early. For more information, see https://reactrouter.com/v6/upgrading/future#v7_starttransition.

    [0m [90m 24 |[39m
     [90m 25 |[39m   [36mconst[39m renderOnboarding [33m=[39m () [33m=>[39m {
    [31m[1m>[22m[39m[90m 26 |[39m     [36mreturn[39m render(
     [90m    |[39m                  [31m[1m^[22m[39m
     [90m 27 |[39m       [33m<[39m[33mBrowserRouter[39m[33m>[39m
     [90m 28 |[39m         [33m<[39m[33mOnboarding[39m [33m/[39m[33m>[39m
     [90m 29 |[39m       [33m<[39m[33m/[39m[33mBrowserRouter[39m[33m>[39m[0m

      at warnOnce (node_modules/react-router/lib/deprecations.ts:9:13)
      at logDeprecation (node_modules/react-router/lib/deprecations.ts:14:3)
      at Object.logV6DeprecationWarnings [as UNSAFE_logV6DeprecationWarnings] (node_modules/react-router/lib/deprecations.ts:26:5)
      at node_modules/react-router-dom/index.tsx:816:25
      at commitHookEffectListMount (node_modules/react-dom/cjs/react-dom.development.js:23189:26)
      at commitPassiveMountOnFiber (node_modules/react-dom/cjs/react-dom.development.js:24970:11)
      at commitPassiveMountEffects_complete (node_modules/react-dom/cjs/react-dom.development.js:24930:9)
      at commitPassiveMountEffects_begin (node_modules/react-dom/cjs/react-dom.development.js:24917:7)
      at commitPassiveMountEffects (node_modules/react-dom/cjs/react-dom.development.js:24905:3)
      at flushPassiveEffectsImpl (node_modules/react-dom/cjs/react-dom.development.js:27078:3)
      at flushPassiveEffects (node_modules/react-dom/cjs/react-dom.development.js:27023:14)
      at node_modules/react-dom/cjs/react-dom.development.js:26808:9
      at flushActQueue (node_modules/react/cjs/react.development.js:2667:24)
      at act (node_modules/react/cjs/react.development.js:2582:11)
      at actWithWarning (node_modules/react-dom/cjs/react-dom-test-utils.development.js:1740:10)
      at node_modules/@testing-library/react/dist/act-compat.js:63:25
      at renderRoot (node_modules/@testing-library/react/dist/pure.js:159:26)
      at render (node_modules/@testing-library/react/dist/pure.js:246:10)
      at renderOnboarding (src/components/Onboarding/Onboarding.test.tsx:26:18)
      at Object.<anonymous> (src/components/Onboarding/Onboarding.test.tsx:34:5)

  console.warn
    ÔÜá´©Å React Router Future Flag Warning: Relative route resolution within Splat routes is changing in v7. You can use the `v7_relativeSplatPath` future flag to opt-in early. For more information, see https://reactrouter.com/v6/upgrading/future#v7_relativesplatpath.

    [0m [90m 61 |[39m
     [90m 62 |[39m   [36mconst[39m renderJobsList [33m=[39m () [33m=>[39m {
    [31m[1m>[22m[39m[90m 63 |[39m     [36mreturn[39m render(
     [90m    |[39m                  [31m[1m^[22m[39m
     [90m 64 |[39m       [33m<[39m[33mBrowserRouter[39m[33m>[39m
     [90m 65 |[39m         [33m<[39m[33mJobsList[39m [33m/[39m[33m>[39m
     [90m 66 |[39m       [33m<[39m[33m/[39m[33mBrowserRouter[39m[33m>[39m[0m

      at warnOnce (node_modules/react-router/lib/deprecations.ts:9:13)
      at logDeprecation (node_modules/react-router/lib/deprecations.ts:14:3)
      at Object.logV6DeprecationWarnings [as UNSAFE_logV6DeprecationWarnings] (node_modules/react-router/lib/deprecations.ts:37:5)
      at node_modules/react-router-dom/index.tsx:816:25
      at commitHookEffectListMount (node_modules/react-dom/cjs/react-dom.development.js:23189:26)
      at commitPassiveMountOnFiber (node_modules/react-dom/cjs/react-dom.development.js:24970:11)
      at commitPassiveMountEffects_complete (node_modules/react-dom/cjs/react-dom.development.js:24930:9)
      at commitPassiveMountEffects_begin (node_modules/react-dom/cjs/react-dom.development.js:24917:7)
      at commitPassiveMountEffects (node_modules/react-dom/cjs/react-dom.development.js:24905:3)
      at flushPassiveEffectsImpl (node_modules/react-dom/cjs/react-dom.development.js:27078:3)
      at flushPassiveEffects (node_modules/react-dom/cjs/react-dom.development.js:27023:14)
      at node_modules/react-dom/cjs/react-dom.development.js:26808:9
      at flushActQueue (node_modules/react/cjs/react.development.js:2667:24)
      at act (node_modules/react/cjs/react.development.js:2582:11)
      at actWithWarning (node_modules/react-dom/cjs/react-dom-test-utils.development.js:1740:10)
      at node_modules/@testing-library/react/dist/act-compat.js:63:25
      at renderRoot (node_modules/@testing-library/react/dist/pure.js:159:26)
      at render (node_modules/@testing-library/react/dist/pure.js:246:10)
      at renderJobsList (src/components/JobsList/JobsList.test.tsx:63:18)
      at Object.<anonymous> (src/components/JobsList/JobsList.test.tsx:73:5)

  console.warn
    ÔÜá´©Å React Router Future Flag Warning: Relative route resolution within Splat routes is changing in v7. You can use the `v7_relativeSplatPath` future flag to opt-in early. For more information, see https://reactrouter.com/v6/upgrading/future#v7_relativesplatpath.

    [0m [90m 24 |[39m
     [90m 25 |[39m   [36mconst[39m renderOnboarding [33m=[39m () [33m=>[39m {
    [31m[1m>[22m[39m[90m 26 |[39m     [36mreturn[39m render(
     [90m    |[39m                  [31m[1m^[22m[39m
     [90m 27 |[39m       [33m<[39m[33mBrowserRouter[39m[33m>[39m
     [90m 28 |[39m         [33m<[39m[33mOnboarding[39m [33m/[39m[33m>[39m
     [90m 29 |[39m       [33m<[39m[33m/[39m[33mBrowserRouter[39m[33m>[39m[0m

      at warnOnce (node_modules/react-router/lib/deprecations.ts:9:13)
      at logDeprecation (node_modules/react-router/lib/deprecations.ts:14:3)
      at Object.logV6DeprecationWarnings [as UNSAFE_logV6DeprecationWarnings] (node_modules/react-router/lib/deprecations.ts:37:5)
      at node_modules/react-router-dom/index.tsx:816:25
      at commitHookEffectListMount (node_modules/react-dom/cjs/react-dom.development.js:23189:26)
      at commitPassiveMountOnFiber (node_modules/react-dom/cjs/react-dom.development.js:24970:11)
      at commitPassiveMountEffects_complete (node_modules/react-dom/cjs/react-dom.development.js:24930:9)
      at commitPassiveMountEffects_begin (node_modules/react-dom/cjs/react-dom.development.js:24917:7)
      at commitPassiveMountEffects (node_modules/react-dom/cjs/react-dom.development.js:24905:3)
      at flushPassiveEffectsImpl (node_modules/react-dom/cjs/react-dom.development.js:27078:3)
      at flushPassiveEffects (node_modules/react-dom/cjs/react-dom.development.js:27023:14)
      at node_modules/react-dom/cjs/react-dom.development.js:26808:9
      at flushActQueue (node_modules/react/cjs/react.development.js:2667:24)
      at act (node_modules/react/cjs/react.development.js:2582:11)
      at actWithWarning (node_modules/react-dom/cjs/react-dom-test-utils.development.js:1740:10)
      at node_modules/@testing-library/react/dist/act-compat.js:63:25
      at renderRoot (node_modules/@testing-library/react/dist/pure.js:159:26)
      at render (node_modules/@testing-library/react/dist/pure.js:246:10)
      at renderOnboarding (src/components/Onboarding/Onboarding.test.tsx:26:18)
      at Object.<anonymous> (src/components/Onboarding/Onboarding.test.tsx:34:5)

node.exe : FAIL src/components/ProtectedRoute.test.tsx
At line:1 char:1
+ & "C:\Program Files\nodejs/node.exe" "C:\Program Files\nodejs/node_mo ...
+ ~~~~~~~~~~~~~~~~~~~~~~~~~~~~~~~~~~~~~~~~~~~~~~~~~~~~~~~~~~~~~~~~~~~~~
    + CategoryInfo          : NotSpecified: (FAIL src/compon...dRoute.test.tsx:String) [], RemoteException
    + FullyQualifiedErrorId : NativeCommandError
 
  ProtectedRoute Component
    ÔêÜ renders children when authenticated (97 ms)
    ÔêÜ redirects to login when not authenticated (10 ms)
    ├ù checks authentication status on render (4 ms)

  ÔùÅ ProtectedRoute Component ÔÇ║ checks authentication status on render

    expect(jest.fn()).toHaveBeenCalled()

    Expected number of calls: >= 1
    Received number of calls:    0

    [0m [90m 58 |[39m     renderWithRouter([36mtrue[39m)[33m;[39m
     [90m 59 |[39m     
    [31m[1m>[22m[39m[90m 60 |[39m     
expect(authUtils[33m.[39misAuthenticated)[33m.[39mtoHaveBeenCalled()[33m;[39m
     [90m    |[39m                                       [31m[1m^[22m[39m
     [90m 61 |[39m   })[33m;[39m
     [90m 62 |[39m })[33m;[39m
     [90m 63 |[39m[0m

      at Object.<anonymous> (src/components/ProtectedRoute.test.tsx:60:39)

  console.error
    Warning: An update to JobsList inside a test was not wrapped in act(...).
    
    When testing, code that causes React state updates should be wrapped into act(...):
    
    act(() => {
      /* fire events that update state */
    });
    /* assert on the output */
    
    This ensures that you're testing the behavior the user would see in the browser. Learn more at https://reactjs.org/link/wrap-tests-with-act
        at JobsList (H:\tech test\frontend\src\components\JobsList\JobsList.tsx:6:35)
        at Router (H:\tech test\frontend\node_modules\react-router\lib\components.tsx:421:13)
        at BrowserRouter (H:\tech test\frontend\node_modules\react-router-dom\index.tsx:789:3)

    [0m [90m 38 |[39m       
     [90m 39 |[39m       [90m// Update jobs list with fresh data for active jobs[39m
    [31m[1m>[22m[39m[90m 40 |[39m       setJobs(prevJobs [33m=>[39m 
     [90m    |[39m       [31m[1m^[22m[39m
     [90m 41 |[39m         prevJobs[33m.[39mmap(job [33m=>[39m {
     [90m 42 |[39m           [36mconst[39m update [33m=[39m updates[33m.[39mfind(u [33m=>[39m u[33m.[39mjobId [33m===[39m job[33m.[39mjobId)[33m;[39m
     [90m 43 |[39m           [36mreturn[39m update [33m||[39m job[33m;[39m[0m

      at printWarning (node_modules/react-dom/cjs/react-dom.development.js:86:30)
      at error (node_modules/react-dom/cjs/react-dom.development.js:60:7)
      at warnIfUpdatesNotWrappedWithActDEV (node_modules/react-dom/cjs/react-dom.development.js:27628:9)
      at scheduleUpdateOnFiber (node_modules/react-dom/cjs/react-dom.development.js:25547:5)
      at setJobs (node_modules/react-dom/cjs/react-dom.development.js:16708:7)
      at pollActiveJobs (src/components/JobsList/JobsList.tsx:40:7)

  console.error
    Polling error: TypeError: Cannot read properties of undefined (reading 'status')
        at filter (H:\tech test\frontend\src\components\JobsList\JobsList.tsx:49:28)
        at Array.filter (<anonymous>)
        at pollActiveJobs (H:\tech test\frontend\src\components\JobsList\JobsList.tsx:49:10)

    [0m [90m 52 |[39m       setActiveJobIds(stillActive)[33m;[39m
     [90m 53 |[39m     } [36mcatch[39m (err) {
    [31m[1m>[22m[39m[90m 54 |[39m       console[33m.[39merror([32m'Polling error:'[39m[33m,[39m err)[33m;[39m
     [90m    |[39m               [31m[1m^[22m[39m
     [90m 55 |[39m     }
     [90m 56 |[39m   }[33m;[39m
     [90m 57 |[39m[0m

      at pollActiveJobs (src/components/JobsList/JobsList.tsx:54:15)

  console.error
    Warning: An update to JobsList inside a test was not wrapped in act(...).
    
    When testing, code that causes React state updates should be wrapped into act(...):
    
    act(() => {
      /* fire events that update state */
    });
    /* assert on the output */
    
    This ensures that you're testing the behavior the user would see in the browser. Learn more at https://reactjs.org/link/wrap-tests-with-act
        at JobsList (H:\tech test\frontend\src\components\JobsList\JobsList.tsx:6:35)
        at Router (H:\tech test\frontend\node_modules\react-router\lib\components.tsx:421:13)
        at BrowserRouter (H:\tech test\frontend\node_modules\react-router-dom\index.tsx:789:3)

    [0m [90m 38 |[39m       
     [90m 39 |[39m       [90m// Update jobs list with fresh data for active jobs[39m
    [31m[1m>[22m[39m[90m 40 |[39m       setJobs(prevJobs [33m=>[39m 
     [90m    |[39m       [31m[1m^[22m[39m
     [90m 41 |[39m         prevJobs[33m.[39mmap(job [33m=>[39m {
     [90m 42 |[39m           [36mconst[39m update [33m=[39m updates[33m.[39mfind(u [33m=>[39m u[33m.[39mjobId [33m===[39m job[33m.[39mjobId)[33m;[39m
     [90m 43 |[39m           [36mreturn[39m update [33m||[39m job[33m;[39m[0m

      at printWarning (node_modules/react-dom/cjs/react-dom.development.js:86:30)
      at error (node_modules/react-dom/cjs/react-dom.development.js:60:7)
      at warnIfUpdatesNotWrappedWithActDEV (node_modules/react-dom/cjs/react-dom.development.js:27628:9)
      at scheduleUpdateOnFiber (node_modules/react-dom/cjs/react-dom.development.js:25547:5)
      at setJobs (node_modules/react-dom/cjs/react-dom.development.js:16708:7)
      at pollActiveJobs (src/components/JobsList/JobsList.tsx:40:7)

  console.error
    Polling error: TypeError: Cannot read properties of undefined (reading 'status')
        at filter (H:\tech test\frontend\src\components\JobsList\JobsList.tsx:49:28)
        at Array.filter (<anonymous>)
        at pollActiveJobs (H:\tech test\frontend\src\components\JobsList\JobsList.tsx:49:10)

    [0m [90m 52 |[39m       setActiveJobIds(stillActive)[33m;[39m
     [90m 53 |[39m     } [36mcatch[39m (err) {
    [31m[1m>[22m[39m[90m 54 |[39m       console[33m.[39merror([32m'Polling error:'[39m[33m,[39m err)[33m;[39m
     [90m    |[39m               [31m[1m^[22m[39m
     [90m 55 |[39m     }
     [90m 56 |[39m   }[33m;[39m
     [90m 57 |[39m[0m

      at pollActiveJobs (src/components/JobsList/JobsList.tsx:54:15)

  console.error
    Warning: An update to JobsList inside a test was not wrapped in act(...).
    
    When testing, code that causes React state updates should be wrapped into act(...):
    
    act(() => {
      /* fire events that update state */
    });
    /* assert on the output */
    
    This ensures that you're testing the behavior the user would see in the browser. Learn more at https://reactjs.org/link/wrap-tests-with-act
        at JobsList (H:\tech test\frontend\src\components\JobsList\JobsList.tsx:6:35)
        at Router (H:\tech test\frontend\node_modules\react-router\lib\components.tsx:421:13)
        at BrowserRouter (H:\tech test\frontend\node_modules\react-router-dom\index.tsx:789:3)

    [0m [90m 38 |[39m       
     [90m 39 |[39m       [90m// Update jobs list with fresh data for active jobs[39m
    [31m[1m>[22m[39m[90m 40 |[39m       setJobs(prevJobs [33m=>[39m 
     [90m    |[39m       [31m[1m^[22m[39m
     [90m 41 |[39m         prevJobs[33m.[39mmap(job [33m=>[39m {
     [90m 42 |[39m           [36mconst[39m update [33m=[39m updates[33m.[39mfind(u [33m=>[39m u[33m.[39mjobId [33m===[39m job[33m.[39mjobId)[33m;[39m
     [90m 43 |[39m           [36mreturn[39m update [33m||[39m job[33m;[39m[0m

      at printWarning (node_modules/react-dom/cjs/react-dom.development.js:86:30)
      at error (node_modules/react-dom/cjs/react-dom.development.js:60:7)
      at warnIfUpdatesNotWrappedWithActDEV (node_modules/react-dom/cjs/react-dom.development.js:27628:9)
      at scheduleUpdateOnFiber (node_modules/react-dom/cjs/react-dom.development.js:25547:5)
      at setJobs (node_modules/react-dom/cjs/react-dom.development.js:16708:7)
      at pollActiveJobs (src/components/JobsList/JobsList.tsx:40:7)

  console.error
    Polling error: TypeError: Cannot read properties of undefined (reading 'status')
        at filter (H:\tech test\frontend\src\components\JobsList\JobsList.tsx:49:28)
        at Array.filter (<anonymous>)
        at pollActiveJobs (H:\tech test\frontend\src\components\JobsList\JobsList.tsx:49:10)

    [0m [90m 52 |[39m       setActiveJobIds(stillActive)[33m;[39m
     [90m 53 |[39m     } [36mcatch[39m (err) {
    [31m[1m>[22m[39m[90m 54 |[39m       console[33m.[39merror([32m'Polling error:'[39m[33m,[39m err)[33m;[39m
     [90m    |[39m               [31m[1m^[22m[39m
     [90m 55 |[39m     }
     [90m 56 |[39m   }[33m;[39m
     [90m 57 |[39m[0m

      at pollActiveJobs (src/components/JobsList/JobsList.tsx:54:15)

  console.error
    Warning: An update to JobsList inside a test was not wrapped in act(...).
    
    When testing, code that causes React state updates should be wrapped into act(...):
    
    act(() => {
      /* fire events that update state */
    });
    /* assert on the output */
    
    This ensures that you're testing the behavior the user would see in the browser. Learn more at https://reactjs.org/link/wrap-tests-with-act
        at JobsList (H:\tech test\frontend\src\components\JobsList\JobsList.tsx:6:35)
        at Router (H:\tech test\frontend\node_modules\react-router\lib\components.tsx:421:13)
        at BrowserRouter (H:\tech test\frontend\node_modules\react-router-dom\index.tsx:789:3)

    [0m [90m 38 |[39m       
     [90m 39 |[39m       [90m// Update jobs list with fresh data for active jobs[39m
    [31m[1m>[22m[39m[90m 40 |[39m       setJobs(prevJobs [33m=>[39m 
     [90m    |[39m       [31m[1m^[22m[39m
     [90m 41 |[39m         prevJobs[33m.[39mmap(job [33m=>[39m {
     [90m 42 |[39m           [36mconst[39m update [33m=[39m updates[33m.[39mfind(u [33m=>[39m u[33m.[39mjobId [33m===[39m job[33m.[39mjobId)[33m;[39m
     [90m 43 |[39m           [36mreturn[39m update [33m||[39m job[33m;[39m[0m

      at printWarning (node_modules/react-dom/cjs/react-dom.development.js:86:30)
      at error (node_modules/react-dom/cjs/react-dom.development.js:60:7)
      at warnIfUpdatesNotWrappedWithActDEV (node_modules/react-dom/cjs/react-dom.development.js:27628:9)
      at scheduleUpdateOnFiber (node_modules/react-dom/cjs/react-dom.development.js:25547:5)
      at setJobs (node_modules/react-dom/cjs/react-dom.development.js:16708:7)
      at pollActiveJobs (src/components/JobsList/JobsList.tsx:40:7)

  console.error
    Warning: An update to JobsList inside a test was not wrapped in act(...).
    
    When testing, code that causes React state updates should be wrapped into act(...):
    
    act(() => {
      /* fire events that update state */
    });
    /* assert on the output */
    
    This ensures that you're testing the behavior the user would see in the browser. Learn more at https://reactjs.org/link/wrap-tests-with-act
        at JobsList (H:\tech test\frontend\src\components\JobsList\JobsList.tsx:6:35)
        at Router (H:\tech test\frontend\node_modules\react-router\lib\components.tsx:421:13)
        at BrowserRouter (H:\tech test\frontend\node_modules\react-router-dom\index.tsx:789:3)

    [0m [90m 50 |[39m         [33m.[39mmap(job [33m=>[39m job[33m.[39mjobId)[33m;[39m
     [90m 51 |[39m       
    [31m[1m>[22m[39m[90m 52 |[39m       setActiveJobIds(stillActive)[33m;[39m
     [90m    |[39m       [31m[1m^[22m[39m
     [90m 53 |[39m     } [36mcatch[39m (err) {
     [90m 54 |[39m       console[33m.[39merror([32m'Polling error:'[39m[33m,[39m err)[33m;[39m
     [90m 55 |[39m     }[0m

      at printWarning (node_modules/react-dom/cjs/react-dom.development.js:86:30)
      at error (node_modules/react-dom/cjs/react-dom.development.js:60:7)
      at warnIfUpdatesNotWrappedWithActDEV (node_modules/react-dom/cjs/react-dom.development.js:27628:9)
      at scheduleUpdateOnFiber (node_modules/react-dom/cjs/react-dom.development.js:25547:5)
      at setActiveJobIds (node_modules/react-dom/cjs/react-dom.development.js:16708:7)
      at pollActiveJobs (src/components/JobsList/JobsList.tsx:52:7)

  console.error
    Warning: An update to JobsList inside a test was not wrapped in act(...).
    
    When testing, code that causes React state updates should be wrapped into act(...):
    
    act(() => {
      /* fire events that update state */
    });
    /* assert on the output */
    
    This ensures that you're testing the behavior the user would see in the browser. Learn more at https://reactjs.org/link/wrap-tests-with-act
        at JobsList (H:\tech test\frontend\src\components\JobsList\JobsList.tsx:6:35)
        at Router (H:\tech test\frontend\node_modules\react-router\lib\components.tsx:421:13)
        at BrowserRouter (H:\tech test\frontend\node_modules\react-router-dom\index.tsx:789:3)

    [0m [90m 38 |[39m       
     [90m 39 |[39m       [90m// Update jobs list with fresh data for active jobs[39m
    [31m[1m>[22m[39m[90m 40 |[39m       setJobs(prevJobs [33m=>[39m 
     [90m    |[39m       [31m[1m^[22m[39m
     [90m 41 |[39m         prevJobs[33m.[39mmap(job [33m=>[39m {
     [90m 42 |[39m           [36mconst[39m update [33m=[39m updates[33m.[39mfind(u [33m=>[39m u[33m.[39mjobId [33m===[39m job[33m.[39mjobId)[33m;[39m
     [90m 43 |[39m           [36mreturn[39m update [33m||[39m job[33m;[39m[0m

      at printWarning (node_modules/react-dom/cjs/react-dom.development.js:86:30)
      at error (node_modules/react-dom/cjs/react-dom.development.js:60:7)
      at warnIfUpdatesNotWrappedWithActDEV (node_modules/react-dom/cjs/react-dom.development.js:27628:9)
      at scheduleUpdateOnFiber (node_modules/react-dom/cjs/react-dom.development.js:25547:5)
      at setJobs (node_modules/react-dom/cjs/react-dom.development.js:16708:7)
      at pollActiveJobs (src/components/JobsList/JobsList.tsx:40:7)

  console.error
    Warning: An update to JobsList inside a test was not wrapped in act(...).
    
    When testing, code that causes React state updates should be wrapped into act(...):
    
    act(() => {
      /* fire events that update state */
    });
    /* assert on the output */
    
    This ensures that you're testing the behavior the user would see in the browser. Learn more at https://reactjs.org/link/wrap-tests-with-act
        at JobsList (H:\tech test\frontend\src\components\JobsList\JobsList.tsx:6:35)
        at Router (H:\tech test\frontend\node_modules\react-router\lib\components.tsx:421:13)
        at BrowserRouter (H:\tech test\frontend\node_modules\react-router-dom\index.tsx:789:3)

    [0m [90m 50 |[39m         [33m.[39mmap(job [33m=>[39m job[33m.[39mjobId)[33m;[39m
     [90m 51 |[39m       
    [31m[1m>[22m[39m[90m 52 |[39m       setActiveJobIds(stillActive)[33m;[39m
     [90m    |[39m       [31m[1m^[22m[39m
     [90m 53 |[39m     } [36mcatch[39m (err) {
     [90m 54 |[39m       console[33m.[39merror([32m'Polling error:'[39m[33m,[39m err)[33m;[39m
     [90m 55 |[39m     }[0m

      at printWarning (node_modules/react-dom/cjs/react-dom.development.js:86:30)
      at error (node_modules/react-dom/cjs/react-dom.development.js:60:7)
      at warnIfUpdatesNotWrappedWithActDEV (node_modules/react-dom/cjs/react-dom.development.js:27628:9)
      at scheduleUpdateOnFiber (node_modules/react-dom/cjs/react-dom.development.js:25547:5)
      at setActiveJobIds (node_modules/react-dom/cjs/react-dom.development.js:16708:7)
      at pollActiveJobs (src/components/JobsList/JobsList.tsx:52:7)

  console.error
    Warning: An update to JobsList inside a test was not wrapped in act(...).
    
    When testing, code that causes React state updates should be wrapped into act(...):
    
    act(() => {
      /* fire events that update state */
    });
    /* assert on the output */
    
    This ensures that you're testing the behavior the user would see in the browser. Learn more at https://reactjs.org/link/wrap-tests-with-act
        at JobsList (H:\tech test\frontend\src\components\JobsList\JobsList.tsx:6:35)
        at Router (H:\tech test\frontend\node_modules\react-router\lib\components.tsx:421:13)
        at BrowserRouter (H:\tech test\frontend\node_modules\react-router-dom\index.tsx:789:3)

    [0m [90m 38 |[39m       
     [90m 39 |[39m       [90m// Update jobs list with fresh data for active jobs[39m
    [31m[1m>[22m[39m[90m 40 |[39m       setJobs(prevJobs [33m=>[39m 
     [90m    |[39m       [31m[1m^[22m[39m
     [90m 41 |[39m         prevJobs[33m.[39mmap(job [33m=>[39m {
     [90m 42 |[39m           [36mconst[39m update [33m=[39m updates[33m.[39mfind(u [33m=>[39m u[33m.[39mjobId [33m===[39m job[33m.[39mjobId)[33m;[39m
     [90m 43 |[39m           [36mreturn[39m update [33m||[39m job[33m;[39m[0m

      at printWarning (node_modules/react-dom/cjs/react-dom.development.js:86:30)
      at error (node_modules/react-dom/cjs/react-dom.development.js:60:7)
      at warnIfUpdatesNotWrappedWithActDEV (node_modules/react-dom/cjs/react-dom.development.js:27628:9)
      at scheduleUpdateOnFiber (node_modules/react-dom/cjs/react-dom.development.js:25547:5)
      at setJobs (node_modules/react-dom/cjs/react-dom.development.js:16708:7)
      at pollActiveJobs (src/components/JobsList/JobsList.tsx:40:7)

  console.error
    Warning: An update to JobsList inside a test was not wrapped in act(...).
    
    When testing, code that causes React state updates should be wrapped into act(...):
    
    act(() => {
      /* fire events that update state */
    });
    /* assert on the output */
    
    This ensures that you're testing the behavior the user would see in the browser. Learn more at https://reactjs.org/link/wrap-tests-with-act
        at JobsList (H:\tech test\frontend\src\components\JobsList\JobsList.tsx:6:35)
        at Router (H:\tech test\frontend\node_modules\react-router\lib\components.tsx:421:13)
        at BrowserRouter (H:\tech test\frontend\node_modules\react-router-dom\index.tsx:789:3)

    [0m [90m 50 |[39m         [33m.[39mmap(job [33m=>[39m job[33m.[39mjobId)[33m;[39m
     [90m 51 |[39m       
    [31m[1m>[22m[39m[90m 52 |[39m       setActiveJobIds(stillActive)[33m;[39m
     [90m    |[39m       [31m[1m^[22m[39m
     [90m 53 |[39m     } [36mcatch[39m (err) {
     [90m 54 |[39m       console[33m.[39merror([32m'Polling error:'[39m[33m,[39m err)[33m;[39m
     [90m 55 |[39m     }[0m

      at printWarning (node_modules/react-dom/cjs/react-dom.development.js:86:30)
      at error (node_modules/react-dom/cjs/react-dom.development.js:60:7)
      at warnIfUpdatesNotWrappedWithActDEV (node_modules/react-dom/cjs/react-dom.development.js:27628:9)
      at scheduleUpdateOnFiber (node_modules/react-dom/cjs/react-dom.development.js:25547:5)
      at setActiveJobIds (node_modules/react-dom/cjs/react-dom.development.js:16708:7)
      at pollActiveJobs (src/components/JobsList/JobsList.tsx:52:7)

  console.error
    Warning: An update to JobsList inside a test was not wrapped in act(...).
    
    When testing, code that causes React state updates should be wrapped into act(...):
    
    act(() => {
      /* fire events that update state */
    });
    /* assert on the output */
    
    This ensures that you're testing the behavior the user would see in the browser. Learn more at https://reactjs.org/link/wrap-tests-with-act
        at JobsList (H:\tech test\frontend\src\components\JobsList\JobsList.tsx:6:35)
        at Router (H:\tech test\frontend\node_modules\react-router\lib\components.tsx:421:13)
        at BrowserRouter (H:\tech test\frontend\node_modules\react-router-dom\index.tsx:789:3)

    [0m [90m 38 |[39m       
     [90m 39 |[39m       [90m// Update jobs list with fresh data for active jobs[39m
    [31m[1m>[22m[39m[90m 40 |[39m       setJobs(prevJobs [33m=>[39m 
     [90m    |[39m       [31m[1m^[22m[39m
     [90m 41 |[39m         prevJobs[33m.[39mmap(job [33m=>[39m {
     [90m 42 |[39m           [36mconst[39m update [33m=[39m updates[33m.[39mfind(u [33m=>[39m u[33m.[39mjobId [33m===[39m job[33m.[39mjobId)[33m;[39m
     [90m 43 |[39m           [36mreturn[39m update [33m||[39m job[33m;[39m[0m

      at printWarning (node_modules/react-dom/cjs/react-dom.development.js:86:30)
      at error (node_modules/react-dom/cjs/react-dom.development.js:60:7)
      at warnIfUpdatesNotWrappedWithActDEV (node_modules/react-dom/cjs/react-dom.development.js:27628:9)
      at scheduleUpdateOnFiber (node_modules/react-dom/cjs/react-dom.development.js:25547:5)
      at setJobs (node_modules/react-dom/cjs/react-dom.development.js:16708:7)
      at pollActiveJobs (src/components/JobsList/JobsList.tsx:40:7)

  console.error
    Warning: An update to JobsList inside a test was not wrapped in act(...).
    
    When testing, code that causes React state updates should be wrapped into act(...):
    
    act(() => {
      /* fire events that update state */
    });
    /* assert on the output */
    
    This ensures that you're testing the behavior the user would see in the browser. Learn more at https://reactjs.org/link/wrap-tests-with-act
        at JobsList (H:\tech test\frontend\src\components\JobsList\JobsList.tsx:6:35)
        at Router (H:\tech test\frontend\node_modules\react-router\lib\components.tsx:421:13)
        at BrowserRouter (H:\tech test\frontend\node_modules\react-router-dom\index.tsx:789:3)

    [0m [90m 50 |[39m         [33m.[39mmap(job [33m=>[39m job[33m.[39mjobId)[33m;[39m
     [90m 51 |[39m       
    [31m[1m>[22m[39m[90m 52 |[39m       setActiveJobIds(stillActive)[33m;[39m
     [90m    |[39m       [31m[1m^[22m[39m
     [90m 53 |[39m     } [36mcatch[39m (err) {
     [90m 54 |[39m       console[33m.[39merror([32m'Polling error:'[39m[33m,[39m err)[33m;[39m
     [90m 55 |[39m     }[0m

      at printWarning (node_modules/react-dom/cjs/react-dom.development.js:86:30)
      at error (node_modules/react-dom/cjs/react-dom.development.js:60:7)
      at warnIfUpdatesNotWrappedWithActDEV (node_modules/react-dom/cjs/react-dom.development.js:27628:9)
      at scheduleUpdateOnFiber (node_modules/react-dom/cjs/react-dom.development.js:25547:5)
      at setActiveJobIds (node_modules/react-dom/cjs/react-dom.development.js:16708:7)
      at pollActiveJobs (src/components/JobsList/JobsList.tsx:52:7)

  console.error
    Warning: An update to JobsList inside a test was not wrapped in act(...).
    
    When testing, code that causes React state updates should be wrapped into act(...):
    
    act(() => {
      /* fire events that update state */
    });
    /* assert on the output */
    
    This ensures that you're testing the behavior the user would see in the browser. Learn more at https://reactjs.org/link/wrap-tests-with-act
        at JobsList (H:\tech test\frontend\src\components\JobsList\JobsList.tsx:6:35)
        at Router (H:\tech test\frontend\node_modules\react-router\lib\components.tsx:421:13)
        at BrowserRouter (H:\tech test\frontend\node_modules\react-router-dom\index.tsx:789:3)

    [0m [90m 38 |[39m       
     [90m 39 |[39m       [90m// Update jobs list with fresh data for active jobs[39m
    [31m[1m>[22m[39m[90m 40 |[39m       setJobs(prevJobs [33m=>[39m 
     [90m    |[39m       [31m[1m^[22m[39m
     [90m 41 |[39m         prevJobs[33m.[39mmap(job [33m=>[39m {
     [90m 42 |[39m           [36mconst[39m update [33m=[39m updates[33m.[39mfind(u [33m=>[39m u[33m.[39mjobId [33m===[39m job[33m.[39mjobId)[33m;[39m
     [90m 43 |[39m           [36mreturn[39m update [33m||[39m job[33m;[39m[0m

      at printWarning (node_modules/react-dom/cjs/react-dom.development.js:86:30)
      at error (node_modules/react-dom/cjs/react-dom.development.js:60:7)
      at warnIfUpdatesNotWrappedWithActDEV (node_modules/react-dom/cjs/react-dom.development.js:27628:9)
      at scheduleUpdateOnFiber (node_modules/react-dom/cjs/react-dom.development.js:25547:5)
      at setJobs (node_modules/react-dom/cjs/react-dom.development.js:16708:7)
      at pollActiveJobs (src/components/JobsList/JobsList.tsx:40:7)

  console.error
    Polling error: TypeError: Cannot read properties of undefined (reading 'status')
        at filter (H:\tech test\frontend\src\components\JobsList\JobsList.tsx:49:28)
        at Array.filter (<anonymous>)
        at pollActiveJobs (H:\tech test\frontend\src\components\JobsList\JobsList.tsx:49:10)

    [0m [90m 52 |[39m       setActiveJobIds(stillActive)[33m;[39m
     [90m 53 |[39m     } [36mcatch[39m (err) {
    [31m[1m>[22m[39m[90m 54 |[39m       console[33m.[39merror([32m'Polling error:'[39m[33m,[39m err)[33m;[39m
     [90m    |[39m               [31m[1m^[22m[39m
     [90m 55 |[39m     }
     [90m 56 |[39m   }[33m;[39m
     [90m 57 |[39m[0m

      at pollActiveJobs (src/components/JobsList/JobsList.tsx:54:15)

  console.error
    Warning: An update to JobsList inside a test was not wrapped in act(...).
    
    When testing, code that causes React state updates should be wrapped into act(...):
    
    act(() => {
      /* fire events that update state */
    });
    /* assert on the output */
    
    This ensures that you're testing the behavior the user would see in the browser. Learn more at https://reactjs.org/link/wrap-tests-with-act
        at JobsList (H:\tech test\frontend\src\components\JobsList\JobsList.tsx:6:35)
        at Router (H:\tech test\frontend\node_modules\react-router\lib\components.tsx:421:13)
        at BrowserRouter (H:\tech test\frontend\node_modules\react-router-dom\index.tsx:789:3)

    [0m [90m 38 |[39m       
     [90m 39 |[39m       [90m// Update jobs list with fresh data for active jobs[39m
    [31m[1m>[22m[39m[90m 40 |[39m       setJobs(prevJobs [33m=>[39m 
     [90m    |[39m       [31m[1m^[22m[39m
     [90m 41 |[39m         prevJobs[33m.[39mmap(job [33m=>[39m {
     [90m 42 |[39m           [36mconst[39m update [33m=[39m updates[33m.[39mfind(u [33m=>[39m u[33m.[39mjobId [33m===[39m job[33m.[39mjobId)[33m;[39m
     [90m 43 |[39m           [36mreturn[39m update [33m||[39m job[33m;[39m[0m

      at printWarning (node_modules/react-dom/cjs/react-dom.development.js:86:30)
      at error (node_modules/react-dom/cjs/react-dom.development.js:60:7)
      at warnIfUpdatesNotWrappedWithActDEV (node_modules/react-dom/cjs/react-dom.development.js:27628:9)
      at scheduleUpdateOnFiber (node_modules/react-dom/cjs/react-dom.development.js:25547:5)
      at setJobs (node_modules/react-dom/cjs/react-dom.development.js:16708:7)
      at pollActiveJobs (src/components/JobsList/JobsList.tsx:40:7)

FAIL src/components/Dashboard/Dashboard.test.tsx
  Dashboard Component
    ÔêÜ shows loading state initially (124 ms)
    ├ù displays dashboard stats after loading (76 ms)
    ├ù displays recent items (38 ms)
    ÔêÜ displays error message on failure (15 ms)
    ÔêÜ shows empty state when no recent items (18 ms)
    ÔêÜ formats dates correctly (21 ms)

  ÔùÅ Dashboard Component ÔÇ║ displays dashboard stats after loading

    TestingLibraryElementError: Unable to find an element with the text: Completed Jobs. This could be because the text is 
broken up by multiple elements. In this case, you can provide a function for your text matcher to make your matcher more 
flexible.

    Ignored nodes: comments, script, style
    [36m<body>[39m
      [36m<div>[39m
        [36m<div>[39m
          [36m<div[39m
            [33mclass[39m=[32m"dashboard-stats"[39m
            [33mstyle[39m=[32m"display: grid; grid-template-columns: repeat(auto-fit, minmax(150px, 1fr)); gap: 1rem; 
margin-bottom: 1.5rem;"[39m
          [36m>[39m
            [36m<div[39m
              [33mclass[39m=[32m"stat-card"[39m
            [36m>[39m
              [36m<div[39m
                [33mclass[39m=[32m"stat-value"[39m
              [36m>[39m
                [0m5[0m
              [36m</div>[39m
              [36m<div[39m
                [33mclass[39m=[32m"stat-label"[39m
              [36m>[39m
                [0mTotal Jobs[0m
              [36m</div>[39m
            [36m</div>[39m
            [36m<div[39m
              [33mclass[39m=[32m"stat-card"[39m
            [36m>[39m
              [36m<div[39m
                [33mclass[39m=[32m"stat-value"[39m
              [36m>[39m
                [0m3[0m
              [36m</div>[39m
              [36m<div[39m
                [33mclass[39m=[32m"stat-label"[39m
              [36m>[39m
                [0mCompleted[0m
              [36m</div>[39m
            [36m</div>[39m
            [36m<div[39m
              [33mclass[39m=[32m"stat-card"[39m
            [36m>[39m
              [36m<div[39m
                [33mclass[39m=[32m"stat-value"[39m
              [36m>[39m
                [0m1[0m
              [36m</div>[39m
              [36m<div[39m
                [33mclass[39m=[32m"stat-label"[39m
              [36m>[39m
                [0mFailed[0m
              [36m</div>[39m
            [36m</div>[39m
            [36m<div[39m
              [33mclass[39m=[32m"stat-card"[39m
            [36m>[39m
              [36m<div[39m
                [33mclass[39m=[32m"stat-value"[39m
              [36m>[39m
                [0m150[0m
              [36m</div>[39m
              [36m<div[39m
                [33mclass[39m=[32m"stat-label"[39m
              [36m>[39m
                [0mProducts[0m
              [36m</div>[39m
            [36m</div>[39m
            [36m<div[39m
              [33mclass[39m=[32m"stat-card"[39m
            [36m>[39m
              [36m<div[39m
                [33mclass[39m=[32m"stat-value"[39m
              [36m>[39m
                [0m45[0m
              [36m</div>[39m
              [36m<div[39m
                [33mclass[39m=[32m"stat-label"[39m
              [36m>[39m
                [0mCarts[0m
              [36m</div>[39m
            [36m</div>[39m
          [36m</div>[39m
          [36m<div[39m
            [33mclass[39m=[32m"card"[39m
          [36m>[39m
            [36m<div[39m
              [33mstyle[39m=[32m"display: flex; justify-content: space-between; align-items: center; margin-bottom: 1rem; 
flex-wrap: wrap; gap: 0.5rem;"[39m
            [36m>[39m
              [36m<h2[39m
                [33mstyle[39m=[32m"margin: 0px;"[39m
              [36m>[39m
                [0mRecent Imports[0m
              [36m</h2>[39m
              [36m<button[39m
                [33mclass[39m=[32m"btn-secondary"[39m
              [36m>[39m
                [0mRefresh[0m
              [36m</button>[39m
            [36m</div>[39m
            [36m<div[39m
              [33mstyle[39m=[32m"overflow-x: auto;"[39m
            [36m>[39m
              [36m<table[39m
                [33mclass[39m=[32m"items-table"[39m
              [36m>[39m
                [36m<thead>[39m
                  [36m<tr>[39m
                    [36m<th>[39m
                      [0mID[0m
                    [36m</th>[39m
                    [36m<th>[39m
                      [0mSource[0m
                    [36m</th>[39m
                    [36m<th>[39m
                      [0mRemote ID[0m
                    [36m</th>[39m
                    [36m<th>[39m
                      [0mStatus[0m
                    [36m</th>[39m
                    [36m<th>[39m
                      [0mTitle[0m
                    [36m</th>[39m
                    [36m<th>[39m
                      [0mImported At[0m
                    [36m</th>[39m
                  [36m</tr>[39m
                [36m</thead>[39m
                [36m<tbody>[39m
                  [36m<tr>[39m
                    [36m<td>[39m
                      [0m1[0m
                    [36m</td>[39m
                    [36m<td>[39m
                      [36m<span[39m
                        [33mclass[39m=[32m"source-tag"[39m
                      [36m>[39m
                        [0mproducts[0m
                      [36m</span>[39m
                    [36m</td>[39m
                    [36m<td>[39m
                      [0m123[0m
                    [36m</td>[39m
                    [36m<td>[39m
                      [36m<span[39m
                        [33mclass[39m=[32m"status-badge status-success"[39m
                      [36m>[39m
                        [0mSuccess[0m
                      [36m</span>[39m
                    [36m</td>[39m
                    [36m<td[39m
                      [33mclass[39m=[32m"item-detail"[39m
                    [36m>[39m
                      [0mN/A[0m
                    [36m</td>[39m
                    [36m<td[39m
                      [33mclass[39m=[32m"timestamp"[39m
                    [36m>[39m
                      [0m1/15/2024, 10:00:00 AM[0m
                    [36m</td>[39m
                  [36m</tr>[39m
                  [36m<tr>[39m
                    [36m<td>[39m
                      [0m2[0m
                    [36m</td>[39m
                    [36m<td>[39m
                      [36m<span[39m
                        [33mclass[39m=[32m"source-tag"[39m
                      [36m>[39m
                        [0mcarts[0m
                      [36m</span>[39m
                    [36m</td>[39m
                    [36m<td>[39m
                      [0m456[0m
                    [36m</td>[39m
                    [36m<td>[39m
                      [36m<span[39m
                        [33mclass[39m=[32m"status-badge status-success"[39m
                      [36m>[39m
                        [0mSuccess[0m
                      [36m</span>[39m
                    [36m</td>[39m
                    [36m<td[39m
                      [33mclass[39m=[32m"item-detail"[39m
                    [36m>[39m
                      [0m0 items[0m
                    [36m</td>[39m
                    [36m<td[39m
                      [33mclass[39m=[32m"timestamp"[39m
                    [36m>[39m
                      [0m1/15/2024, 9:30:00 AM[0m
                    [36m</td>[39m
                  [36m</tr>[39m
                [36m</tbody>[39m
              [36m</table>[39m
            [36m</div>[39m
          [36m</div>[39m
        [36m</div>[39m
      [36m</div>[39m
    [36m</body>[39m

    [0m [90m 69 |[39m     expect(screen[33m.[39mgetByText([32m'Total 
Jobs'[39m))[33m.[39mtoBeInTheDocument()[33m;[39m
     [90m 70 |[39m     expect(screen[33m.[39mgetByText([32m'5'[39m))[33m.[39mtoBeInTheDocument()[33m;[39m
    [31m[1m>[22m[39m[90m 71 |[39m     expect(screen[33m.[39mgetByText([32m'Completed 
Jobs'[39m))[33m.[39mtoBeInTheDocument()[33m;[39m
     [90m    |[39m                   [31m[1m^[22m[39m
     [90m 72 |[39m     expect(screen[33m.[39mgetByText([32m'3'[39m))[33m.[39mtoBeInTheDocument()[33m;[39m
     [90m 73 |[39m     expect(screen[33m.[39mgetByText([32m'Failed Jobs'[39m))[33m.[39mtoBeInTheDocument()[33m;[39m
     [90m 74 |[39m     expect(screen[33m.[39mgetByText([32m'1'[39m))[33m.[39mtoBeInTheDocument()[33m;[39m[0m

      at Object.getElementError (node_modules/@testing-library/react/node_modules/@testing-library/dom/dist/config.js:37:19)
      at node_modules/@testing-library/react/node_modules/@testing-library/dom/dist/query-helpers.js:76:38
      at node_modules/@testing-library/react/node_modules/@testing-library/dom/dist/query-helpers.js:52:17
      at getByText (node_modules/@testing-library/react/node_modules/@testing-library/dom/dist/query-helpers.js:95:19)
      at Object.<anonymous> (src/components/Dashboard/Dashboard.test.tsx:71:19)

  ÔùÅ Dashboard Component ÔÇ║ displays recent items

    TestingLibraryElementError: Unable to find an element with the text: /Product 1/. This could be because the text is 
broken up by multiple elements. In this case, you can provide a function for your text matcher to make your matcher more 
flexible.

    Ignored nodes: comments, script, style
    [36m<body>[39m
      [36m<div>[39m
        [36m<div>[39m
          [36m<div[39m
            [33mclass[39m=[32m"dashboard-stats"[39m
            [33mstyle[39m=[32m"display: grid; grid-template-columns: repeat(auto-fit, minmax(150px, 1fr)); gap: 1rem; 
margin-bottom: 1.5rem;"[39m
          [36m>[39m
            [36m<div[39m
              [33mclass[39m=[32m"stat-card"[39m
            [36m>[39m
              [36m<div[39m
                [33mclass[39m=[32m"stat-value"[39m
              [36m>[39m
                [0m5[0m
              [36m</div>[39m
              [36m<div[39m
                [33mclass[39m=[32m"stat-label"[39m
              [36m>[39m
                [0mTotal Jobs[0m
              [36m</div>[39m
            [36m</div>[39m
            [36m<div[39m
              [33mclass[39m=[32m"stat-card"[39m
            [36m>[39m
              [36m<div[39m
                [33mclass[39m=[32m"stat-value"[39m
              [36m>[39m
                [0m3[0m
              [36m</div>[39m
              [36m<div[39m
                [33mclass[39m=[32m"stat-label"[39m
              [36m>[39m
                [0mCompleted[0m
              [36m</div>[39m
            [36m</div>[39m
            [36m<div[39m
              [33mclass[39m=[32m"stat-card"[39m
            [36m>[39m
              [36m<div[39m
                [33mclass[39m=[32m"stat-value"[39m
              [36m>[39m
                [0m1[0m
              [36m</div>[39m
              [36m<div[39m
                [33mclass[39m=[32m"stat-label"[39m
              [36m>[39m
                [0mFailed[0m
              [36m</div>[39m
            [36m</div>[39m
            [36m<div[39m
              [33mclass[39m=[32m"stat-card"[39m
            [36m>[39m
              [36m<div[39m
                [33mclass[39m=[32m"stat-value"[39m
              [36m>[39m
                [0m150[0m
              [36m</div>[39m
              [36m<div[39m
                [33mclass[39m=[32m"stat-label"[39m
              [36m>[39m
                [0mProducts[0m
              [36m</div>[39m
            [36m</div>[39m
            [36m<div[39m
              [33mclass[39m=[32m"stat-card"[39m
            [36m>[39m
              [36m<div[39m
                [33mclass[39m=[32m"stat-value"[39m
              [36m>[39m
                [0m45[0m
              [36m</div>[39m
              [36m<div[39m
                [33mclass[39m=[32m"stat-label"[39m
              [36m>[39m
                [0mCarts[0m
              [36m</div>[39m
            [36m</div>[39m
          [36m</div>[39m
          [36m<div[39m
            [33mclass[39m=[32m"card"[39m
          [36m>[39m
            [36m<div[39m
              [33mstyle[39m=[32m"display: flex; justify-content: space-between; align-items: center; margin-bottom: 1rem; 
flex-wrap: wrap; gap: 0.5rem;"[39m
            [36m>[39m
              [36m<h2[39m
                [33mstyle[39m=[32m"margin: 0px;"[39m
              [36m>[39m
                [0mRecent Imports[0m
              [36m</h2>[39m
              [36m<button[39m
                [33mclass[39m=[32m"btn-secondary"[39m
              [36m>[39m
                [0mRefresh[0m
              [36m</button>[39m
            [36m</div>[39m
            [36m<div[39m
              [33mstyle[39m=[32m"overflow-x: auto;"[39m
            [36m>[39m
              [36m<table[39m
  console.error
    Polling error: TypeError: Cannot read properties of undefined (reading 'status')
        at filter (H:\tech test\frontend\src\components\JobsList\JobsList.tsx:49:28)
        at Array.filter (<anonymous>)
        at pollActiveJobs (H:\tech test\frontend\src\components\JobsList\JobsList.tsx:49:10)

    [0m [90m 52 |[39m       setActiveJobIds(stillActive)[33m;[39m
     [90m 53 |[39m     } [36mcatch[39m (err) {
    [31m[1m>[22m[39m[90m 54 |[39m       console[33m.[39merror([32m'Polling error:'[39m[33m,[39m err)[33m;[39m
     [90m    |[39m               [31m[1m^[22m[39m
     [90m 55 |[39m     }
     [90m 56 |[39m   }[33m;[39m
     [90m 57 |[39m[0m

      at pollActiveJobs (src/components/JobsList/JobsList.tsx:54:15)

                [33mclass[39m=[32m"items-table"[39m
              [36m>[39m
                [36m<thead>[39m
                  [36m<tr>[39m
                    [36m<th>[39m
                      [0mID[0m
                    [36m</th>[39m
                    [36m<th>[39m
                      [0mSource[0m
                    [36m</th>[39m
                    [36m<th>[39m
                      [0mRemote ID[0m
                    [36m</th>[39m
                    [36m<th>[39m
                      [0mStatus[0m
                    [36m</th>[39m
                    [36m<th>[39m
                      [0mTitle[0m
                    [36m</th>[39m
                    [36m<th>[39m
                      [0mImported At[0m
                    [36m</th>[39m
                  [36m</tr>[39m
                [36m</thead>[39m
                [36m<tbody>[39m
                  [36m<tr>[39m
                    [36m<td>[39m
                      [0m1[0m
                    [36m</td>[39m
                    [36m<td>[39m
                      [36m<span[39m
                        [33mclass[39m=[32m"source-tag"[39m
                      [36m>[39m
                        [0mproducts[0m
                      [36m</span>[39m
                    [36m</td>[39m
                    [36m<td>[39m
                      [0m123[0m
                    [36m</td>[39m
                    [36m<td>[39m
                      [36m<span[39m
                        [33mclass[39m=[32m"status-badge status-success"[39m
                      [36m>[39m
                        [0mSuccess[0m
                      [36m</span>[39m
                    [36m</td>[39m
                    [36m<td[39m
                      [33mclass[39m=[32m"item-detail"[39m
                    [36m>[39m
                      [0mN/A[0m
                    [36m</td>[39m
                    [36m<td[39m
                      [33mclass[39m=[32m"timestamp"[39m
                    [36m>[39m
                      [0m1/15/2024, 10:00:00 AM[0m
                    [36m</td>[39m
                  [36m</tr>[39m
                  [36m<tr>[39m
                    [36m<td>[39m
                      [0m2[0m
                    [36m</td>[39m
                    [36m<td>[39m
                      [36m<span[39m
                        [33mclass[39m=[32m"source-tag"[39m
                      [36m>[39m
                        [0mcarts[0m
                      [36m</span>[39m
                    [36m</td>[39m
                    [36m<td>[39m
                      [0m456[0m
                    [36m</td>[39m
                    [36m<td>[39m
                      [36m<span[39m
                        [33mclass[39m=[32m"status-badge status-success"[39m
                      [36m>[39m
                        [0mSuccess[0m
                      [36m</span>[39m
                    [36m</td>[39m
                    [36m<td[39m
                      [33mclass[39m=[32m"item-detail"[39m
                    [36m>[39m
                      [0m0 items[0m
                    [36m</td>[39m
                    [36m<td[39m
                      [33mclass[39m=[32m"timestamp"[39m
                    [36m>[39m
                      [0m1/15/2024, 9:30:00 AM[0m
                    [36m</td>[39m
                  [36m</tr>[39m
                [36m</tbody>[39m
              [36m</table>[39m
            [36m</div>[39m
          [36m</div>[39m
        [36m</div>[39m
      [36m</div>[39m
    [36m</body>[39m

    [0m [90m 90 |[39m     expect(screen[33m.[39mgetByText([32m'N/A'[39m))[33m.[39mtoBeInTheDocument()[33m;[39m
     [90m 91 |[39m     expect(screen[33m.[39mgetByText([32m'carts'[39m))[33m.[39mtoBeInTheDocument()[33m;[39m
    [31m[1m>[22m[39m[90m 92 |[39m     expect(screen[33m.[39mgetByText([35m/Product 
1/[39m))[33m.[39mtoBeInTheDocument()[33m;[39m
     [90m    |[39m                   [31m[1m^[22m[39m
     [90m 93 |[39m   })[33m;[39m
     [90m 94 |[39m
     [90m 95 |[39m   test([32m'displays error message on failure'[39m[33m,[39m [36masync[39m () [33m=>[39m {[0m

      at Object.getElementError (node_modules/@testing-library/react/node_modules/@testing-library/dom/dist/config.js:37:19)
      at node_modules/@testing-library/react/node_modules/@testing-library/dom/dist/query-helpers.js:76:38
      at node_modules/@testing-library/react/node_modules/@testing-library/dom/dist/query-helpers.js:52:17
      at getByText (node_modules/@testing-library/react/node_modules/@testing-library/dom/dist/query-helpers.js:95:19)
      at Object.<anonymous> (src/components/Dashboard/Dashboard.test.tsx:92:19)

FAIL src/components/auth/Login.test.tsx
  Login Component
    ├ù renders login form (132 ms)
    ÔêÜ allows user to type in inputs (32 ms)
    ÔêÜ successful login navigates to home (85 ms)
    ÔêÜ displays error on login failure (37 ms)
    ÔêÜ disables button while loading (15 ms)
    ├ù link to register page exists (5 ms)

  ÔùÅ Login Component ÔÇ║ renders login form

    TestingLibraryElementError: Found multiple elements with the text: Login

    Here are the matching elements:

    Ignored nodes: comments, script, style
    [36m<h2>[39m
      [0mLogin[0m
    [36m</h2>[39m

    Ignored nodes: comments, script, style
    [36m<button[39m
      [33mclass[39m=[32m"btn-primary"[39m
      [33mtype[39m=[32m"submit"[39m
    [36m>[39m
      [0mLogin[0m
    [36m</button>[39m

    (If this is intentional, then use the `*AllBy*` variant of the query (like `queryAllByText`, `getAllByText`, or 
`findAllByText`)).

    Ignored nodes: comments, script, style
    [36m<body>[39m
      [36m<div>[39m
        [36m<div[39m
          [33mclass[39m=[32m"auth-container"[39m
        [36m>[39m
          [36m<div[39m
            [33mclass[39m=[32m"auth-card"[39m
          [36m>[39m
            [36m<h2>[39m
              [0mLogin[0m
            [36m</h2>[39m
            [36m<form>[39m
              [36m<div[39m
                [33mclass[39m=[32m"form-group"[39m
              [36m>[39m
                [36m<label[39m
                  [33mfor[39m=[32m"username"[39m
                [36m>[39m
                  [0mUsername[0m
                [36m</label>[39m
                [36m<input[39m
                  [33mautocomplete[39m=[32m"username"[39m
                  [33mid[39m=[32m"username"[39m
                  [33mrequired[39m=[32m""[39m
                  [33mtype[39m=[32m"text"[39m
                  [33mvalue[39m=[32m""[39m
                [36m/>[39m
              [36m</div>[39m
              [36m<div[39m
                [33mclass[39m=[32m"form-group"[39m
              [36m>[39m
                [36m<label[39m
                  [33mfor[39m=[32m"password"[39m
                [36m>[39m
                  [0mPassword[0m
                [36m</label>[39m
                [36m<input[39m
                  [33mautocomplete[39m=[32m"current-password"[39m
                  [33mid[39m=[32m"password"[39m
                  [33mrequired[39m=[32m""[39m
                  [33mtype[39m=[32m"password"[39m
                  [33mvalue[39m=[32m""[39m
                [36m/>[39m
              [36m</div>[39m
              [36m<button[39m
                [33mclass[39m=[32m"btn-primary"[39m
                [33mtype[39m=[32m"submit"[39m
              [36m>[39m
                [0mLogin[0m
              [36m</button>[39m
            [36m</form>[39m
            [36m<div[39m
              [33mclass[39m=[32m"auth-footer"[39m
            [36m>[39m
              [36m<p>[39m
                [0mDon't have an account? [0m
                [36m<a[39m
                  [33mhref[39m=[32m"/register"[39m
                [36m>[39m
                  [0mRegister[0m
                [36m</a>[39m
              [36m</p>[39m
            [36m</div>[39m
          [36m</div>[39m
        [36m</div>[39m
      [36m</div>[39m
    [36m</body>[39m

    [0m [90m 34 |[39m     renderLogin()[33m;[39m
     [90m 35 |[39m     
    [31m[1m>[22m[39m[90m 36 |[39m     
expect(screen[33m.[39mgetByText([32m'Login'[39m))[33m.[39mtoBeInTheDocument()[33m;[39m
     [90m    |[39m                   [31m[1m^[22m[39m
     [90m 37 |[39m     
expect(screen[33m.[39mgetByLabelText([32m'Username'[39m))[33m.[39mtoBeInTheDocument()[33m;[39m
     [90m 38 |[39m     
expect(screen[33m.[39mgetByLabelText([32m'Password'[39m))[33m.[39mtoBeInTheDocument()[33m;[39m
     [90m 39 |[39m     expect(screen[33m.[39mgetByRole([32m'button'[39m[33m,[39m { name[33m:[39m [35m/login/i[39m 
}))[33m.[39mtoBeInTheDocument()[33m;[39m[0m

      at Object.getElementError (node_modules/@testing-library/react/node_modules/@testing-library/dom/dist/config.js:37:19)
      at getElementError (node_modules/@testing-library/react/node_modules/@testing-library/dom/dist/query-helpers.js:20:35)
      at getMultipleElementsFoundError 
(node_modules/@testing-library/react/node_modules/@testing-library/dom/dist/query-helpers.js:23:10)
      at node_modules/@testing-library/react/node_modules/@testing-library/dom/dist/query-helpers.js:55:13
      at getByText (node_modules/@testing-library/react/node_modules/@testing-library/dom/dist/query-helpers.js:95:19)
      at Object.<anonymous> (src/components/auth/Login.test.tsx:36:19)

  ÔùÅ Login Component ÔÇ║ link to register page exists

    TestingLibraryElementError: Unable to find an element with the text: /sign up/i. This could be because the text is broken 
up by multiple elements. In this case, you can provide a function for your text matcher to make your matcher more flexible.

    Ignored nodes: comments, script, style
    [36m<body>[39m
      [36m<div>[39m
        [36m<div[39m
          [33mclass[39m=[32m"auth-container"[39m
        [36m>[39m
          [36m<div[39m
            [33mclass[39m=[32m"auth-card"[39m
          [36m>[39m
            [36m<h2>[39m
              [0mLogin[0m
            [36m</h2>[39m
            [36m<form>[39m
              [36m<div[39m
                [33mclass[39m=[32m"form-group"[39m
              [36m>[39m
                [36m<label[39m
                  [33mfor[39m=[32m"username"[39m
                [36m>[39m
                  [0mUsername[0m
                [36m</label>[39m
                [36m<input[39m
                  [33mautocomplete[39m=[32m"username"[39m
                  [33mid[39m=[32m"username"[39m
                  [33mrequired[39m=[32m""[39m
                  [33mtype[39m=[32m"text"[39m
                  [33mvalue[39m=[32m""[39m
                [36m/>[39m
              [36m</div>[39m
              [36m<div[39m
                [33mclass[39m=[32m"form-group"[39m
              [36m>[39m
                [36m<label[39m
                  [33mfor[39m=[32m"password"[39m
                [36m>[39m
                  [0mPassword[0m
                [36m</label>[39m
                [36m<input[39m
                  [33mautocomplete[39m=[32m"current-password"[39m
                  [33mid[39m=[32m"password"[39m
                  [33mrequired[39m=[32m""[39m
                  [33mtype[39m=[32m"password"[39m
                  [33mvalue[39m=[32m""[39m
                [36m/>[39m
              [36m</div>[39m
              [36m<button[39m
                [33mclass[39m=[32m"btn-primary"[39m
                [33mtype[39m=[32m"submit"[39m
              [36m>[39m
                [0mLogin[0m
              [36m</button>[39m
            [36m</form>[39m
            [36m<div[39m
              [33mclass[39m=[32m"auth-footer"[39m
            [36m>[39m
              [36m<p>[39m
                [0mDon't have an account? [0m
                [36m<a[39m
                  [33mhref[39m=[32m"/register"[39m
                [36m>[39m
                  [0mRegister[0m
                [36m</a>[39m
              [36m</p>[39m
            [36m</div>[39m
          [36m</div>[39m
        [36m</div>[39m
      [36m</div>[39m
    [36m</body>[39m

    [0m [90m 103 |[39m     renderLogin()[33m;[39m
     [90m 104 |[39m     
    [31m[1m>[22m[39m[90m 105 |[39m     [36mconst[39m registerLink [33m=[39m screen[33m.[39mgetByText([35m/sign 
up/i[39m)[33m;[39m
     [90m     |[39m                                 [31m[1m^[22m[39m
     [90m 106 |[39m     expect(registerLink)[33m.[39mtoBeInTheDocument()[33m;[39m
     [90m 107 |[39m     
expect(registerLink[33m.[39mclosest([32m'a'[39m))[33m.[39mtoHaveAttribute([32m'href'[39m[33m,[39m 
[32m'/register'[39m)[33m;[39m
     [90m 108 |[39m   })[33m;[39m[0m

      at Object.getElementError (node_modules/@testing-library/react/node_modules/@testing-library/dom/dist/config.js:37:19)
      at node_modules/@testing-library/react/node_modules/@testing-library/dom/dist/query-helpers.js:76:38
      at node_modules/@testing-library/react/node_modules/@testing-library/dom/dist/query-helpers.js:52:17
      at getByText (node_modules/@testing-library/react/node_modules/@testing-library/dom/dist/query-helpers.js:95:19)
      at Object.<anonymous> (src/components/auth/Login.test.tsx:105:33)

PASS src/components/auth/Register.test.tsx
  Register Component
    ÔêÜ renders register form (176 ms)
    ÔêÜ allows user to type in inputs (25 ms)
    ÔêÜ shows error when passwords do not match (58 ms)
    ÔêÜ shows error when password is too short (21 ms)
    ÔêÜ successful registration navigates to home (17 ms)
    ÔêÜ displays error on registration failure (24 ms)
    ÔêÜ disables button while loading (17 ms)
    ÔêÜ link to login page exists (6 ms)

FAIL src/components/JobsList/JobsList.test.tsx
  JobsList Component
    ÔêÜ shows loading state initially (127 ms)
  console.error
    Warning: An update to JobsList inside a test was not wrapped in act(...).
    
    When testing, code that causes React state updates should be wrapped into act(...):
    
    act(() => {
      /* fire events that update state */
    });
    /* assert on the output */
    
    This ensures that you're testing the behavior the user would see in the browser. Learn more at https://reactjs.org/link/wrap-tests-with-act
        at JobsList (H:\tech test\frontend\src\components\JobsList\JobsList.tsx:6:35)
        at Router (H:\tech test\frontend\node_modules\react-router\lib\components.tsx:421:13)
        at BrowserRouter (H:\tech test\frontend\node_modules\react-router-dom\index.tsx:789:3)

    [0m [90m 38 |[39m       
     [90m 39 |[39m       [90m// Update jobs list with fresh data for active jobs[39m
    [31m[1m>[22m[39m[90m 40 |[39m       setJobs(prevJobs [33m=>[39m 
     [90m    |[39m       [31m[1m^[22m[39m
     [90m 41 |[39m         prevJobs[33m.[39mmap(job [33m=>[39m {
     [90m 42 |[39m           [36mconst[39m update [33m=[39m updates[33m.[39mfind(u [33m=>[39m u[33m.[39mjobId [33m===[39m job[33m.[39mjobId)[33m;[39m
     [90m 43 |[39m           [36mreturn[39m update [33m||[39m job[33m;[39m[0m

      at printWarning (node_modules/react-dom/cjs/react-dom.development.js:86:30)
      at error (node_modules/react-dom/cjs/react-dom.development.js:60:7)
      at warnIfUpdatesNotWrappedWithActDEV (node_modules/react-dom/cjs/react-dom.development.js:27628:9)
      at scheduleUpdateOnFiber (node_modules/react-dom/cjs/react-dom.development.js:25547:5)
      at setJobs (node_modules/react-dom/cjs/react-dom.development.js:16708:7)
      at pollActiveJobs (src/components/JobsList/JobsList.tsx:40:7)

  console.error
    Polling error: TypeError: Cannot read properties of undefined (reading 'status')
        at filter (H:\tech test\frontend\src\components\JobsList\JobsList.tsx:49:28)
        at Array.filter (<anonymous>)
        at pollActiveJobs (H:\tech test\frontend\src\components\JobsList\JobsList.tsx:49:10)

    [0m [90m 52 |[39m       setActiveJobIds(stillActive)[33m;[39m
     [90m 53 |[39m     } [36mcatch[39m (err) {
    [31m[1m>[22m[39m[90m 54 |[39m       console[33m.[39merror([32m'Polling error:'[39m[33m,[39m err)[33m;[39m
     [90m    |[39m               [31m[1m^[22m[39m
     [90m 55 |[39m     }
     [90m 56 |[39m   }[33m;[39m
     [90m 57 |[39m[0m

      at pollActiveJobs (src/components/JobsList/JobsList.tsx:54:15)

    ÔêÜ displays jobs after loading (101 ms)
    ÔêÜ displays job statuses correctly (24 ms)
    ÔêÜ displays sources for each job (15 ms)
    ÔêÜ displays error message on failure (5 ms)
    ÔêÜ polls active jobs (16 ms)
    ├ù stops polling when job completes (18 ms)
    ÔêÜ shows empty state when no jobs (8 ms)
    ÔêÜ displays error message for failed jobs (8 ms)
    ÔêÜ formats dates correctly (9 ms)

  ÔùÅ JobsList Component ÔÇ║ stops polling when job completes

    expect(jest.fn()).not.toHaveBeenCalled()

    Expected number of calls: 0
    Received number of calls: 1

    1: 2

    [0m [90m 192 |[39m     jest[33m.[39madvanceTimersByTime([35m2000[39m)[33m;[39m
     [90m 193 |[39m     
    [31m[1m>[22m[39m[90m 194 |[39m     
expect(api[33m.[39mgetJob)[33m.[39mnot[33m.[39mtoHaveBeenCalled()[33m;[39m
     [90m     |[39m                            [31m[1m^[22m[39m
     [90m 195 |[39m   })[33m;[39m
     [90m 196 |[39m
     [90m 197 |[39m   test([32m'shows empty state when no jobs'[39m[33m,[39m [36masync[39m () [33m=>[39m {[0m

      at Object.<anonymous> (src/components/JobsList/JobsList.test.tsx:194:28)

PASS src/components/Onboarding/Onboarding.test.tsx
  Onboarding Component
    ÔêÜ renders source selection step (168 ms)
    ÔêÜ allows selecting and deselecting sources (43 ms)
    ÔêÜ shows error when proceeding without selecting sources (26 ms)
    ÔêÜ proceeds to credentials step after selecting sources (18 ms)
    ÔêÜ allows entering API key credentials (15 ms)
    ÔêÜ allows switching between API key and OAuth (17 ms)
    ÔêÜ shows error when starting import without credentials (23 ms)
    ÔêÜ successfully creates job and navigates (87 ms)
    ÔêÜ displays error on job creation failure (33 ms)
    ÔêÜ handles multiple sources with different credentials (13 ms)
    ÔêÜ allows going back from credentials to source selection (11 ms)
    ÔêÜ disables start button while loading (12 ms)

Test Suites: 4 failed, 2 passed, 6 total
Tests:       6 failed, 39 passed, 45 total
Snapshots:   0 total
Time:        2.743 s
Ran all test suites.
